#
# There is insufficient memory for the Java Runtime Environment to continue.
# Native memory allocation (malloc) failed to allocate 1844976 bytes for Chunk::new
# Possible reasons:
#   The system is out of physical RAM or swap space
#   The process is running with CompressedOops enabled, and the Java Heap may be blocking the growth of the native heap
# Possible solutions:
#   Reduce memory load on the system
#   Increase physical memory or swap space
#   Check if swap backing store is full
#   Decrease Java heap size (-Xmx/-Xms)
#   Decrease number of Java threads
#   Decrease Java thread stack sizes (-Xss)
#   Set larger code cache with -XX:ReservedCodeCacheSize=
#   JVM is running with Unscaled Compressed Oops mode in which the Java heap is
#     placed in the first 4GB address space. The Java Heap base address is the
#     maximum limit for the native heap growth. Please use -XX:HeapBaseMinAddress
#     to set the Java Heap base and to place the Java Heap above 4GB virtual address.
# This output file may be truncated or incomplete.
#
#  Out of Memory Error (arena.cpp:189), pid=2532, tid=3308
#
# JRE version: Java(TM) SE Runtime Environment (17.0.11+7) (build 17.0.11+7-LTS-207)
# Java VM: Java HotSpot(TM) 64-Bit Server VM (17.0.11+7-LTS-207, mixed mode, sharing, tiered, compressed oops, compressed class ptrs, g1 gc, windows-amd64)
# No core dump will be written. Minidumps are not enabled by default on client versions of Windows
#

---------------  S U M M A R Y ------------

Command Line: -XX:MaxMetaspaceSize=512m --add-opens=java.base/java.util=ALL-UNNAMED --add-opens=java.base/java.lang=ALL-UNNAMED --add-opens=java.base/java.lang.invoke=ALL-UNNAMED --add-opens=java.prefs/java.util.prefs=ALL-UNNAMED --add-exports=jdk.compiler/com.sun.tools.javac.api=ALL-UNNAMED --add-exports=jdk.compiler/com.sun.tools.javac.util=ALL-UNNAMED --add-opens=java.base/java.nio.charset=ALL-UNNAMED --add-opens=java.base/java.net=ALL-UNNAMED --add-opens=java.base/java.util.concurrent.atomic=ALL-UNNAMED -Xmx2048m -Dfile.encoding=windows-1252 -Duser.country=IN -Duser.language=en -Duser.variant -javaagent:C:\Users\DELL\.gradle\wrapper\dists\gradle-8.10.2-all\7iv73wktx1xtkvlq19urqw1wm\gradle-8.10.2\lib\agents\gradle-instrumentation-agent-8.10.2.jar org.gradle.launcher.daemon.bootstrap.GradleDaemon 8.10.2

Host: 11th Gen Intel(R) Core(TM) i5-1135G7 @ 2.40GHz, 8 cores, 7G,  Windows 11 , 64 bit Build 22621 (10.0.22621.4391)
Time: Mon Dec  9 18:10:23 2024 India Standard Time elapsed time: 22.329589 seconds (0d 0h 0m 22s)

---------------  T H R E A D  ---------------

Current thread (0x0000018e7ebbaf80):  JavaThread "C2 CompilerThread0" daemon [_thread_in_native, id=3308, stack(0x00000086c4600000,0x00000086c4700000)]


Current CompileTask:
C2:  22329 5460   !   4       java.net.URLClassLoader$1::run (81 bytes)

Stack: [0x00000086c4600000,0x00000086c4700000]
Native frames: (J=compiled Java code, j=interpreted, Vv=VM code, C=native code)
V  [jvm.dll+0x679cca]
V  [jvm.dll+0x7da13d]
V  [jvm.dll+0x7dba83]
V  [jvm.dll+0x7dc0f3]
V  [jvm.dll+0x2449af]
V  [jvm.dll+0xab83b]
V  [jvm.dll+0xabe1c]
V  [jvm.dll+0x36155f]
V  [jvm.dll+0x32bd61]
V  [jvm.dll+0x32b1fa]
V  [jvm.dll+0x2161df]
V  [jvm.dll+0x21560f]
V  [jvm.dll+0x1a2040]
V  [jvm.dll+0x225a2b]
V  [jvm.dll+0x223bcb]
V  [jvm.dll+0x7903ec]
V  [jvm.dll+0x78a85a]
V  [jvm.dll+0x678bb5]
C  [ucrtbase.dll+0x29333]
C  [KERNEL32.DLL+0x1259d]
C  [ntdll.dll+0x5af38]


---------------  P R O C E S S  ---------------

Threads class SMR info:
_java_thread_list=0x0000018e3dfc7960, length=43, elements={
0x0000018e7b1dd570, 0x0000018e7eba1a40, 0x0000018e7eba2600, 0x0000018e7ebb4280,
0x0000018e7ebb4e40, 0x0000018e7ebb9820, 0x0000018e7ebba1e0, 0x0000018e7ebbaf80,
0x0000018e7ebbea50, 0x0000018e1c918050, 0x0000018e1c99f0f0, 0x0000018e1ca60890,
0x0000018e3c8d8ee0, 0x0000018e3c8d7080, 0x0000018e3c8d93f0, 0x0000018e3c8d6150,
0x0000018e3c8d6660, 0x0000018e3c8d6b70, 0x0000018e3c8d7590, 0x0000018e3c8d7aa0,
0x0000018e3c8d7fb0, 0x0000018e3c8d84c0, 0x0000018e3db0a480, 0x0000018e3db05da0,
0x0000018e3db09a60, 0x0000018e3db06cd0, 0x0000018e3db08b30, 0x0000018e3db0aea0,
0x0000018e3db08620, 0x0000018e3db067c0, 0x0000018e3db04e70, 0x0000018e3db09f70,
0x0000018e3db09040, 0x0000018e3db03f40, 0x0000018e3db076f0, 0x0000018e3db04450,
0x0000018e3db062b0, 0x0000018e3db071e0, 0x0000018e3db05890, 0x0000018e3db08110,
0x0000018e3db09550, 0x0000018e3e0c9a40, 0x0000018e3e0cae80
}

Java Threads: ( => current thread )
  0x0000018e7b1dd570 JavaThread "main" [_thread_blocked, id=15256, stack(0x00000086c3900000,0x00000086c3a00000)]
  0x0000018e7eba1a40 JavaThread "Reference Handler" daemon [_thread_blocked, id=4540, stack(0x00000086c4000000,0x00000086c4100000)]
  0x0000018e7eba2600 JavaThread "Finalizer" daemon [_thread_blocked, id=21148, stack(0x00000086c4100000,0x00000086c4200000)]
  0x0000018e7ebb4280 JavaThread "Signal Dispatcher" daemon [_thread_blocked, id=13072, stack(0x00000086c4200000,0x00000086c4300000)]
  0x0000018e7ebb4e40 JavaThread "Attach Listener" daemon [_thread_blocked, id=22420, stack(0x00000086c4300000,0x00000086c4400000)]
  0x0000018e7ebb9820 JavaThread "Service Thread" daemon [_thread_blocked, id=15936, stack(0x00000086c4400000,0x00000086c4500000)]
  0x0000018e7ebba1e0 JavaThread "Monitor Deflation Thread" daemon [_thread_blocked, id=7872, stack(0x00000086c4500000,0x00000086c4600000)]
=>0x0000018e7ebbaf80 JavaThread "C2 CompilerThread0" daemon [_thread_in_native, id=3308, stack(0x00000086c4600000,0x00000086c4700000)]
  0x0000018e7ebbea50 JavaThread "C1 CompilerThread0" daemon [_thread_blocked, id=9876, stack(0x00000086c4700000,0x00000086c4800000)]
  0x0000018e1c918050 JavaThread "Sweeper thread" daemon [_thread_blocked, id=21680, stack(0x00000086c4800000,0x00000086c4900000)]
  0x0000018e1c99f0f0 JavaThread "Common-Cleaner" daemon [_thread_blocked, id=7608, stack(0x00000086c4900000,0x00000086c4a00000)]
  0x0000018e1ca60890 JavaThread "Notification Thread" daemon [_thread_blocked, id=19968, stack(0x00000086c4a00000,0x00000086c4b00000)]
  0x0000018e3c8d8ee0 JavaThread "Daemon health stats" [_thread_blocked, id=1940, stack(0x00000086c4c00000,0x00000086c4d00000)]
  0x0000018e3c8d7080 JavaThread "Incoming local TCP Connector on port 50954" [_thread_in_native, id=2664, stack(0x00000086c5100000,0x00000086c5200000)]
  0x0000018e3c8d93f0 JavaThread "Daemon periodic checks" [_thread_blocked, id=7048, stack(0x00000086c5200000,0x00000086c5300000)]
  0x0000018e3c8d6150 JavaThread "Daemon" [_thread_blocked, id=21840, stack(0x00000086c5300000,0x00000086c5400000)]
  0x0000018e3c8d6660 JavaThread "Handler for socket connection from /127.0.0.1:50954 to /127.0.0.1:50956" [_thread_in_native, id=6620, stack(0x00000086c5400000,0x00000086c5500000)]
  0x0000018e3c8d6b70 JavaThread "Cancel handler" [_thread_blocked, id=7664, stack(0x00000086c5500000,0x00000086c5600000)]
  0x0000018e3c8d7590 JavaThread "Daemon worker" [_thread_in_vm, id=14784, stack(0x00000086c5600000,0x00000086c5700000)]
  0x0000018e3c8d7aa0 JavaThread "Asynchronous log dispatcher for DefaultDaemonConnection: socket connection from /127.0.0.1:50954 to /127.0.0.1:50956" [_thread_blocked, id=22152, stack(0x00000086c5700000,0x00000086c5800000)]
  0x0000018e3c8d7fb0 JavaThread "Stdin handler" [_thread_blocked, id=11832, stack(0x00000086c5800000,0x00000086c5900000)]
  0x0000018e3c8d84c0 JavaThread "Daemon client event forwarder" [_thread_blocked, id=4504, stack(0x00000086c5900000,0x00000086c5a00000)]
  0x0000018e3db0a480 JavaThread "Cache worker for journal cache (C:\Users\DELL\.gradle\caches\journal-1)" [_thread_blocked, id=2808, stack(0x00000086c5a00000,0x00000086c5b00000)]
  0x0000018e3db05da0 JavaThread "File lock request listener" [_thread_in_native, id=14812, stack(0x00000086c5b00000,0x00000086c5c00000)]
  0x0000018e3db09a60 JavaThread "Cache worker for file hash cache (C:\Users\DELL\.gradle\caches\8.10.2\fileHashes)" [_thread_blocked, id=18648, stack(0x00000086c5c00000,0x00000086c5d00000)]
  0x0000018e3db06cd0 JavaThread "File lock release action executor" [_thread_blocked, id=1912, stack(0x00000086c5d00000,0x00000086c5e00000)]
  0x0000018e3db08b30 JavaThread "File lock release action executor Thread 2" [_thread_blocked, id=2428, stack(0x00000086c5e00000,0x00000086c5f00000)]
  0x0000018e3db0aea0 JavaThread "Cache worker for file hash cache (C:\Users\DELL\mobile-App-v4\android\.gradle\8.10.2\fileHashes)" [_thread_blocked, id=9104, stack(0x00000086c6200000,0x00000086c6300000)]
  0x0000018e3db08620 JavaThread "Cache worker for Build Output Cleanup Cache (C:\Users\DELL\mobile-App-v4\android\.gradle\buildOutputCleanup)" [_thread_blocked, id=8832, stack(0x00000086c6300000,0x00000086c6400000)]
  0x0000018e3db067c0 JavaThread "File watcher server" daemon [_thread_in_native, id=20344, stack(0x00000086c6500000,0x00000086c6600000)]
  0x0000018e3db04e70 JavaThread "File watcher consumer" daemon [_thread_blocked, id=19896, stack(0x00000086c6600000,0x00000086c6700000)]
  0x0000018e3db09f70 JavaThread "Cache worker for checksums cache (C:\Users\DELL\mobile-App-v4\android\.gradle\8.10.2\checksums)" [_thread_blocked, id=1776, stack(0x00000086c6700000,0x00000086c6800000)]
  0x0000018e3db09040 JavaThread "Cache worker for file content cache (C:\Users\DELL\.gradle\caches\8.10.2\fileContent)" [_thread_blocked, id=10956, stack(0x00000086c6800000,0x00000086c6900000)]
  0x0000018e3db03f40 JavaThread "Cache worker for cache directory md-rule (C:\Users\DELL\.gradle\caches\8.10.2\md-rule)" [_thread_blocked, id=20972, stack(0x00000086c6900000,0x00000086c6a00000)]
  0x0000018e3db076f0 JavaThread "Cache worker for cache directory md-supplier (C:\Users\DELL\.gradle\caches\8.10.2\md-supplier)" [_thread_blocked, id=21256, stack(0x00000086c6a00000,0x00000086c6b00000)]
  0x0000018e3db04450 JavaThread "jar transforms" [_thread_blocked, id=11280, stack(0x00000086c6b00000,0x00000086c6c00000)]
  0x0000018e3db062b0 JavaThread "Cache worker for Build Output Cleanup Cache (C:\Users\DELL\mobile-App-v4\node_modules\@react-native\gradle-plugin\.gradle\buildOutputCleanup)" [_thread_blocked, id=3860, stack(0x00000086c6d00000,0x00000086c6e00000)]
  0x0000018e3db071e0 JavaThread "Unconstrained build operations" [_thread_blocked, id=18720, stack(0x00000086c6e00000,0x00000086c6f00000)]
  0x0000018e3db05890 JavaThread "Unconstrained build operations Thread 2" [_thread_blocked, id=4708, stack(0x00000086c6f00000,0x00000086c7000000)]
  0x0000018e3db08110 JavaThread "Unconstrained build operations Thread 3" [_thread_blocked, id=19780, stack(0x00000086c7000000,0x00000086c7100000)]
  0x0000018e3db09550 JavaThread "Unconstrained build operations Thread 4" [_thread_blocked, id=9396, stack(0x00000086c7100000,0x00000086c7200000)]
  0x0000018e3e0c9a40 JavaThread "Unconstrained build operations Thread 5" [_thread_blocked, id=7768, stack(0x00000086c7200000,0x00000086c7300000)]
  0x0000018e3e0cae80 JavaThread "Unconstrained build operations Thread 6" [_thread_blocked, id=21348, stack(0x00000086c7300000,0x00000086c7400000)]

Other Threads:
  0x0000018e7eb9c7e0 VMThread "VM Thread" [stack: 0x00000086c3f00000,0x00000086c4000000] [id=16516]
  0x0000018e7b1de3f0 WatcherThread [stack: 0x00000086c4b00000,0x00000086c4c00000] [id=14880]
  0x0000018e7b238b00 GCTaskThread "GC Thread#0" [stack: 0x00000086c3a00000,0x00000086c3b00000] [id=20112]
  0x0000018e3c09e6d0 GCTaskThread "GC Thread#1" [stack: 0x00000086c4d00000,0x00000086c4e00000] [id=7336]
  0x0000018e1cc9e050 GCTaskThread "GC Thread#2" [stack: 0x00000086c4e00000,0x00000086c4f00000] [id=7112]
  0x0000018e1cb82a50 GCTaskThread "GC Thread#3" [stack: 0x00000086c4f00000,0x00000086c5000000] [id=20916]
  0x0000018e1cb82d10 GCTaskThread "GC Thread#4" [stack: 0x00000086c5000000,0x00000086c5100000] [id=6800]
  0x0000018e1cae3310 GCTaskThread "GC Thread#5" [stack: 0x00000086c5f00000,0x00000086c6000000] [id=3096]
  0x0000018e3cdf3710 GCTaskThread "GC Thread#6" [stack: 0x00000086c6000000,0x00000086c6100000] [id=10668]
  0x0000018e3ca82420 GCTaskThread "GC Thread#7" [stack: 0x00000086c6100000,0x00000086c6200000] [id=9428]
  0x0000018e7b249a50 ConcurrentGCThread "G1 Main Marker" [stack: 0x00000086c3b00000,0x00000086c3c00000] [id=6996]
  0x0000018e7b24b470 ConcurrentGCThread "G1 Conc#0" [stack: 0x00000086c3c00000,0x00000086c3d00000] [id=1220]
  0x0000018e3c0b9a90 ConcurrentGCThread "G1 Conc#1" [stack: 0x00000086c6400000,0x00000086c6500000] [id=2960]
  0x0000018e7b29e650 ConcurrentGCThread "G1 Refine#0" [stack: 0x00000086c3d00000,0x00000086c3e00000] [id=14272]
  0x0000018e3def42b0 ConcurrentGCThread "G1 Refine#1" [stack: 0x00000086c6c00000,0x00000086c6d00000] [id=3008]
  0x0000018e7ea54230 ConcurrentGCThread "G1 Service" [stack: 0x00000086c3e00000,0x00000086c3f00000] [id=21324]

Threads with active compile tasks:
C2 CompilerThread0    22361 5460   !   4       java.net.URLClassLoader$1::run (81 bytes)

VM state: not at safepoint (normal execution)

VM Mutex/Monitor currently owned by a thread: None

Heap address: 0x0000000080000000, size: 2048 MB, Compressed Oops mode: 32-bit

CDS archive(s) mapped at: [0x0000018e1d000000-0x0000018e1dbd0000-0x0000018e1dbd0000), size 12386304, SharedBaseAddress: 0x0000018e1d000000, ArchiveRelocationMode: 1.
Compressed class space mapped at: 0x0000018e1e000000-0x0000018e38000000, reserved size: 436207616
Narrow klass base: 0x0000018e1d000000, Narrow klass shift: 0, Narrow klass range: 0x100000000

GC Precious Log:
 CPUs: 8 total, 8 available
 Memory: 7926M
 Large Page Support: Disabled
 NUMA Support: Disabled
 Compressed Oops: Enabled (32-bit)
 Heap Region Size: 1M
 Heap Min Capacity: 8M
 Heap Initial Capacity: 124M
 Heap Max Capacity: 2G
 Pre-touch: Disabled
 Parallel Workers: 8
 Concurrent Workers: 2
 Concurrent Refinement Workers: 8
 Periodic GC: Disabled

Heap:
 garbage-first heap   total 92160K, used 51475K [0x0000000080000000, 0x0000000100000000)
  region size 1024K, 19 young (19456K), 5 survivors (5120K)
 Metaspace       used 50680K, committed 51264K, reserved 491520K
  class space    used 7155K, committed 7424K, reserved 425984K

Heap Regions: E=young(eden), S=young(survivor), O=old, HS=humongous(starts), HC=humongous(continues), CS=collection set, F=free, OA=open archive, CA=closed archive, TAMS=top-at-mark-start (previous, next)
|   0|0x0000000080000000, 0x0000000080100000, 0x0000000080100000|100%| O|  |TAMS 0x0000000080100000, 0x0000000080000000| Untracked 
|   1|0x0000000080100000, 0x0000000080200000, 0x0000000080200000|100%| O|  |TAMS 0x0000000080200000, 0x0000000080100000| Untracked 
|   2|0x0000000080200000, 0x0000000080300000, 0x0000000080300000|100%|HS|  |TAMS 0x0000000080300000, 0x0000000080200000| Complete 
|   3|0x0000000080300000, 0x0000000080400000, 0x0000000080400000|100%|HC|  |TAMS 0x0000000080400000, 0x0000000080300000| Complete 
|   4|0x0000000080400000, 0x0000000080500000, 0x0000000080500000|100%|HC|  |TAMS 0x0000000080500000, 0x0000000080400000| Complete 
|   5|0x0000000080500000, 0x0000000080600000, 0x0000000080600000|100%|HC|  |TAMS 0x0000000080600000, 0x0000000080500000| Complete 
|   6|0x0000000080600000, 0x0000000080700000, 0x0000000080700000|100%| O|  |TAMS 0x0000000080700000, 0x0000000080600000| Untracked 
|   7|0x0000000080700000, 0x0000000080800000, 0x0000000080800000|100%| O|  |TAMS 0x0000000080800000, 0x0000000080700000| Untracked 
|   8|0x0000000080800000, 0x0000000080900000, 0x0000000080900000|100%| O|  |TAMS 0x0000000080900000, 0x0000000080800000| Untracked 
|   9|0x0000000080900000, 0x0000000080a00000, 0x0000000080a00000|100%|HS|  |TAMS 0x0000000080a00000, 0x0000000080900000| Complete 
|  10|0x0000000080a00000, 0x0000000080b00000, 0x0000000080b00000|100%| O|  |TAMS 0x0000000080b00000, 0x0000000080a00000| Untracked 
|  11|0x0000000080b00000, 0x0000000080c00000, 0x0000000080c00000|100%| O|  |TAMS 0x0000000080c00000, 0x0000000080b00000| Untracked 
|  12|0x0000000080c00000, 0x0000000080d00000, 0x0000000080d00000|100%| O|  |TAMS 0x0000000080d00000, 0x0000000080c00000| Untracked 
|  13|0x0000000080d00000, 0x0000000080e00000, 0x0000000080e00000|100%| O|  |TAMS 0x0000000080e00000, 0x0000000080d00000| Untracked 
|  14|0x0000000080e00000, 0x0000000080f00000, 0x0000000080f00000|100%| O|  |TAMS 0x0000000080f00000, 0x0000000080e00000| Untracked 
|  15|0x0000000080f00000, 0x0000000081000000, 0x0000000081000000|100%| O|  |TAMS 0x0000000081000000, 0x0000000080f00000| Untracked 
|  16|0x0000000081000000, 0x0000000081100000, 0x0000000081100000|100%| O|  |TAMS 0x0000000081100000, 0x0000000081000000| Untracked 
|  17|0x0000000081100000, 0x0000000081200000, 0x0000000081200000|100%| O|  |TAMS 0x0000000081200000, 0x0000000081100000| Untracked 
|  18|0x0000000081200000, 0x0000000081300000, 0x0000000081300000|100%| O|  |TAMS 0x0000000081300000, 0x0000000081200000| Untracked 
|  19|0x0000000081300000, 0x0000000081400000, 0x0000000081400000|100%| O|  |TAMS 0x0000000081400000, 0x0000000081300000| Untracked 
|  20|0x0000000081400000, 0x0000000081500000, 0x0000000081500000|100%| O|  |TAMS 0x0000000081500000, 0x0000000081400000| Untracked 
|  21|0x0000000081500000, 0x0000000081600000, 0x0000000081600000|100%| O|  |TAMS 0x0000000081600000, 0x0000000081500000| Untracked 
|  22|0x0000000081600000, 0x000000008168e000, 0x0000000081700000| 55%| O|  |TAMS 0x000000008168e000, 0x0000000081600000| Untracked 
|  23|0x0000000081700000, 0x0000000081800000, 0x0000000081800000|100%| O|  |TAMS 0x0000000081800000, 0x0000000081700000| Untracked 
|  24|0x0000000081800000, 0x0000000081900000, 0x0000000081900000|100%| O|  |TAMS 0x0000000081900000, 0x0000000081800000| Untracked 
|  25|0x0000000081900000, 0x0000000081a00000, 0x0000000081a00000|100%| O|  |TAMS 0x0000000081976200, 0x0000000081900000| Untracked 
|  26|0x0000000081a00000, 0x0000000081b00000, 0x0000000081b00000|100%| O|  |TAMS 0x0000000081a00000, 0x0000000081a00000| Untracked 
|  27|0x0000000081b00000, 0x0000000081ba5200, 0x0000000081c00000| 64%| O|  |TAMS 0x0000000081b00000, 0x0000000081b00000| Untracked 
|  28|0x0000000081c00000, 0x0000000081c00000, 0x0000000081d00000|  0%| F|  |TAMS 0x0000000081c00000, 0x0000000081c00000| Untracked 
|  29|0x0000000081d00000, 0x0000000081d00000, 0x0000000081e00000|  0%| F|  |TAMS 0x0000000081d00000, 0x0000000081d00000| Untracked 
|  30|0x0000000081e00000, 0x0000000081e00000, 0x0000000081f00000|  0%| F|  |TAMS 0x0000000081e00000, 0x0000000081e00000| Untracked 
|  31|0x0000000081f00000, 0x0000000082000000, 0x0000000082000000|100%| O|  |TAMS 0x0000000081f00000, 0x0000000081f00000| Untracked 
|  32|0x0000000082000000, 0x0000000082100000, 0x0000000082100000|100%| O|  |TAMS 0x0000000082000000, 0x0000000082000000| Untracked 
|  33|0x0000000082100000, 0x0000000082200000, 0x0000000082200000|100%| O|  |TAMS 0x0000000082100000, 0x0000000082100000| Untracked 
|  34|0x0000000082200000, 0x0000000082300000, 0x0000000082300000|100%| O|  |TAMS 0x0000000082200000, 0x0000000082200000| Untracked 
|  35|0x0000000082300000, 0x0000000082400000, 0x0000000082400000|100%| O|  |TAMS 0x0000000082300000, 0x0000000082300000| Untracked 
|  36|0x0000000082400000, 0x0000000082500000, 0x0000000082500000|100%| O|  |TAMS 0x0000000082400000, 0x0000000082400000| Untracked 
|  37|0x0000000082500000, 0x0000000082500000, 0x0000000082600000|  0%| F|  |TAMS 0x0000000082500000, 0x0000000082500000| Untracked 
|  38|0x0000000082600000, 0x0000000082600000, 0x0000000082700000|  0%| F|  |TAMS 0x0000000082600000, 0x0000000082600000| Untracked 
|  39|0x0000000082700000, 0x0000000082700000, 0x0000000082800000|  0%| F|  |TAMS 0x0000000082700000, 0x0000000082700000| Untracked 
|  40|0x0000000082800000, 0x0000000082800000, 0x0000000082900000|  0%| F|  |TAMS 0x0000000082800000, 0x0000000082800000| Untracked 
|  41|0x0000000082900000, 0x0000000082900000, 0x0000000082a00000|  0%| F|  |TAMS 0x0000000082900000, 0x0000000082900000| Untracked 
|  42|0x0000000082a00000, 0x0000000082a00000, 0x0000000082b00000|  0%| F|  |TAMS 0x0000000082a00000, 0x0000000082a00000| Untracked 
|  43|0x0000000082b00000, 0x0000000082b00000, 0x0000000082c00000|  0%| F|  |TAMS 0x0000000082b00000, 0x0000000082b00000| Untracked 
|  44|0x0000000082c00000, 0x0000000082c11b08, 0x0000000082d00000|  6%| S|CS|TAMS 0x0000000082c00000, 0x0000000082c00000| Complete 
|  45|0x0000000082d00000, 0x0000000082e00000, 0x0000000082e00000|100%| S|CS|TAMS 0x0000000082d00000, 0x0000000082d00000| Complete 
|  46|0x0000000082e00000, 0x0000000082e00000, 0x0000000082f00000|  0%| F|  |TAMS 0x0000000082e00000, 0x0000000082e00000| Untracked 
|  47|0x0000000082f00000, 0x0000000082f00000, 0x0000000083000000|  0%| F|  |TAMS 0x0000000082f00000, 0x0000000082f00000| Untracked 
|  48|0x0000000083000000, 0x0000000083000000, 0x0000000083100000|  0%| F|  |TAMS 0x0000000083000000, 0x0000000083000000| Untracked 
|  49|0x0000000083100000, 0x0000000083100000, 0x0000000083200000|  0%| F|  |TAMS 0x0000000083100000, 0x0000000083100000| Untracked 
|  50|0x0000000083200000, 0x0000000083300000, 0x0000000083300000|100%| S|CS|TAMS 0x0000000083200000, 0x0000000083200000| Complete 
|  51|0x0000000083300000, 0x0000000083400000, 0x0000000083400000|100%| S|CS|TAMS 0x0000000083300000, 0x0000000083300000| Complete 
|  52|0x0000000083400000, 0x0000000083500000, 0x0000000083500000|100%| S|CS|TAMS 0x0000000083400000, 0x0000000083400000| Complete 
|  53|0x0000000083500000, 0x0000000083500000, 0x0000000083600000|  0%| F|  |TAMS 0x0000000083500000, 0x0000000083500000| Untracked 
|  54|0x0000000083600000, 0x0000000083600000, 0x0000000083700000|  0%| F|  |TAMS 0x0000000083600000, 0x0000000083600000| Untracked 
|  55|0x0000000083700000, 0x0000000083700000, 0x0000000083800000|  0%| F|  |TAMS 0x0000000083700000, 0x0000000083700000| Untracked 
|  56|0x0000000083800000, 0x0000000083800000, 0x0000000083900000|  0%| F|  |TAMS 0x0000000083800000, 0x0000000083800000| Untracked 
|  57|0x0000000083900000, 0x0000000083900000, 0x0000000083a00000|  0%| F|  |TAMS 0x0000000083900000, 0x0000000083900000| Untracked 
|  58|0x0000000083a00000, 0x0000000083a00000, 0x0000000083b00000|  0%| F|  |TAMS 0x0000000083a00000, 0x0000000083a00000| Untracked 
|  59|0x0000000083b00000, 0x0000000083b00000, 0x0000000083c00000|  0%| F|  |TAMS 0x0000000083b00000, 0x0000000083b00000| Untracked 
|  60|0x0000000083c00000, 0x0000000083c00000, 0x0000000083d00000|  0%| F|  |TAMS 0x0000000083c00000, 0x0000000083c00000| Untracked 
|  61|0x0000000083d00000, 0x0000000083d00000, 0x0000000083e00000|  0%| F|  |TAMS 0x0000000083d00000, 0x0000000083d00000| Untracked 
|  62|0x0000000083e00000, 0x0000000083e00000, 0x0000000083f00000|  0%| F|  |TAMS 0x0000000083e00000, 0x0000000083e00000| Untracked 
|  63|0x0000000083f00000, 0x0000000083f00000, 0x0000000084000000|  0%| F|  |TAMS 0x0000000083f00000, 0x0000000083f00000| Untracked 
|  64|0x0000000084000000, 0x0000000084000000, 0x0000000084100000|  0%| F|  |TAMS 0x0000000084000000, 0x0000000084000000| Untracked 
|  65|0x0000000084100000, 0x0000000084100000, 0x0000000084200000|  0%| F|  |TAMS 0x0000000084100000, 0x0000000084100000| Untracked 
|  66|0x0000000084200000, 0x0000000084200000, 0x0000000084300000|  0%| F|  |TAMS 0x0000000084200000, 0x0000000084200000| Untracked 
|  67|0x0000000084300000, 0x0000000084300000, 0x0000000084400000|  0%| F|  |TAMS 0x0000000084300000, 0x0000000084300000| Untracked 
|  68|0x0000000084400000, 0x0000000084400000, 0x0000000084500000|  0%| F|  |TAMS 0x0000000084400000, 0x0000000084400000| Untracked 
|  69|0x0000000084500000, 0x0000000084500000, 0x0000000084600000|  0%| F|  |TAMS 0x0000000084500000, 0x0000000084500000| Untracked 
|  70|0x0000000084600000, 0x0000000084600000, 0x0000000084700000|  0%| F|  |TAMS 0x0000000084600000, 0x0000000084600000| Untracked 
|  71|0x0000000084700000, 0x0000000084700000, 0x0000000084800000|  0%| F|  |TAMS 0x0000000084700000, 0x0000000084700000| Untracked 
|  72|0x0000000084800000, 0x0000000084800000, 0x0000000084900000|  0%| F|  |TAMS 0x0000000084800000, 0x0000000084800000| Untracked 
|  73|0x0000000084900000, 0x0000000084900000, 0x0000000084a00000|  0%| F|  |TAMS 0x0000000084900000, 0x0000000084900000| Untracked 
|  74|0x0000000084a00000, 0x0000000084a00000, 0x0000000084b00000|  0%| F|  |TAMS 0x0000000084a00000, 0x0000000084a00000| Untracked 
|  75|0x0000000084b00000, 0x0000000084b00000, 0x0000000084c00000|  0%| F|  |TAMS 0x0000000084b00000, 0x0000000084b00000| Untracked 
|  76|0x0000000084c00000, 0x0000000084d00000, 0x0000000084d00000|100%| E|  |TAMS 0x0000000084c00000, 0x0000000084c00000| Complete 
|  77|0x0000000084d00000, 0x0000000084e00000, 0x0000000084e00000|100%| E|CS|TAMS 0x0000000084d00000, 0x0000000084d00000| Complete 
|  78|0x0000000084e00000, 0x0000000084f00000, 0x0000000084f00000|100%| E|CS|TAMS 0x0000000084e00000, 0x0000000084e00000| Complete 
|  79|0x0000000084f00000, 0x0000000085000000, 0x0000000085000000|100%| E|CS|TAMS 0x0000000084f00000, 0x0000000084f00000| Complete 
|  80|0x0000000085000000, 0x0000000085100000, 0x0000000085100000|100%| E|CS|TAMS 0x0000000085000000, 0x0000000085000000| Complete 
|  81|0x0000000085100000, 0x0000000085200000, 0x0000000085200000|100%| E|CS|TAMS 0x0000000085100000, 0x0000000085100000| Complete 
|  82|0x0000000085200000, 0x0000000085300000, 0x0000000085300000|100%| E|CS|TAMS 0x0000000085200000, 0x0000000085200000| Complete 
|  83|0x0000000085300000, 0x0000000085400000, 0x0000000085400000|100%| E|CS|TAMS 0x0000000085300000, 0x0000000085300000| Complete 
|  84|0x0000000085400000, 0x0000000085500000, 0x0000000085500000|100%| E|CS|TAMS 0x0000000085400000, 0x0000000085400000| Complete 
|  85|0x0000000085500000, 0x0000000085600000, 0x0000000085600000|100%| E|CS|TAMS 0x0000000085500000, 0x0000000085500000| Complete 
|  86|0x0000000085600000, 0x0000000085700000, 0x0000000085700000|100%| E|CS|TAMS 0x0000000085600000, 0x0000000085600000| Complete 
|  87|0x0000000085700000, 0x0000000085800000, 0x0000000085800000|100%| E|CS|TAMS 0x0000000085700000, 0x0000000085700000| Complete 
|  88|0x0000000085800000, 0x0000000085900000, 0x0000000085900000|100%| E|CS|TAMS 0x0000000085800000, 0x0000000085800000| Complete 
| 123|0x0000000087b00000, 0x0000000087c00000, 0x0000000087c00000|100%| E|CS|TAMS 0x0000000087b00000, 0x0000000087b00000| Complete 

Card table byte_map: [0x0000018e7d910000,0x0000018e7dd10000] _byte_map_base: 0x0000018e7d510000

Marking Bits (Prev, Next): (CMBitMap*) 0x0000018e7b239120, (CMBitMap*) 0x0000018e7b239160
 Prev Bits: [0x0000018e167f0000, 0x0000018e187f0000)
 Next Bits: [0x0000018e187f0000, 0x0000018e1a7f0000)

Polling page: 0x0000018e7b2a0000

Metaspace:

Usage:
  Non-class:     42.51 MB used.
      Class:      6.99 MB used.
       Both:     49.49 MB used.

Virtual space:
  Non-class space:       64.00 MB reserved,      42.81 MB ( 67%) committed,  1 nodes.
      Class space:      416.00 MB reserved,       7.25 MB (  2%) committed,  1 nodes.
             Both:      480.00 MB reserved,      50.06 MB ( 10%) committed. 

Chunk freelists:
   Non-Class:  5.10 MB
       Class:  8.73 MB
        Both:  13.83 MB

MaxMetaspaceSize: 512.00 MB
CompressedClassSpaceSize: 416.00 MB
Initial GC threshold: 21.00 MB
Current GC threshold: 58.69 MB
CDS: on
MetaspaceReclaimPolicy: balanced
 - commit_granule_bytes: 65536.
 - commit_granule_words: 8192.
 - virtual_space_node_default_size: 8388608.
 - enlarge_chunks_in_place: 1.
 - new_chunks_are_fully_committed: 0.
 - uncommit_free_chunks: 1.
 - use_allocation_guard: 0.
 - handle_deallocations: 1.


Internal statistics:

num_allocs_failed_limit: 6.
num_arena_births: 634.
num_arena_deaths: 0.
num_vsnodes_births: 2.
num_vsnodes_deaths: 0.
num_space_committed: 801.
num_space_uncommitted: 0.
num_chunks_returned_to_freelist: 6.
num_chunks_taken_from_freelist: 2653.
num_chunk_merges: 6.
num_chunk_splits: 1789.
num_chunks_enlarged: 1262.
num_inconsistent_stats: 0.

CodeHeap 'non-profiled nmethods': size=120000Kb used=2307Kb max_used=3071Kb free=117692Kb
 bounds [0x0000018e0f2c0000, 0x0000018e0f5c0000, 0x0000018e167f0000]
CodeHeap 'profiled nmethods': size=120000Kb used=8856Kb max_used=10865Kb free=111143Kb
 bounds [0x0000018e077f0000, 0x0000018e08290000, 0x0000018e0ed20000]
CodeHeap 'non-nmethods': size=5760Kb used=2355Kb max_used=2391Kb free=3404Kb
 bounds [0x0000018e0ed20000, 0x0000018e0ef90000, 0x0000018e0f2c0000]
 total_blobs=5504 nmethods=4640 adapters=776
 compilation: enabled
              stopped_count=0, restarted_count=0
 full_count=0

Compilation events (20 events):
Event: 22.025 Thread 0x0000018e7ebbea50 5454       3       java.lang.ThreadLocal::setInitialValue (50 bytes)
Event: 22.026 Thread 0x0000018e7ebbea50 nmethod 5454 0x0000018e07960290 code [0x0000018e079604a0, 0x0000018e07960e08]
Event: 22.049 Thread 0x0000018e7ebbea50 5457       3       org.gradle.model.internal.asm.MethodVisitorScope::_AUTOBOX (35 bytes)
Event: 22.049 Thread 0x0000018e7ebbea50 nmethod 5457 0x0000018e0780f410 code [0x0000018e0780f620, 0x0000018e0780fd08]
Event: 22.049 Thread 0x0000018e7ebbea50 5458       3       org.gradle.model.internal.asm.MethodVisitorScope::_UNBOX (178 bytes)
Event: 22.051 Thread 0x0000018e7ebbea50 nmethod 5458 0x0000018e07bdfa10 code [0x0000018e07bdfe60, 0x0000018e07be1f98]
Event: 22.051 Thread 0x0000018e7ebbea50 5459       3       org.gradle.internal.instantiation.generator.AsmBackedClassGenerator$ClassBuilderImpl::access$5700 (4 bytes)
Event: 22.051 Thread 0x0000018e7ebbea50 nmethod 5459 0x0000018e077fc090 code [0x0000018e077fc220, 0x0000018e077fc318]
Event: 22.077 Thread 0x0000018e7ebbea50 5461       3       java.lang.Long::bitCount (61 bytes)
Event: 22.077 Thread 0x0000018e7ebbea50 nmethod 5461 0x0000018e079aad10 code [0x0000018e079aaea0, 0x0000018e079ab018]
Event: 22.078 Thread 0x0000018e7ebbea50 5463       3       java.util.BitSet::recalculateWordsInUse (39 bytes)
Event: 22.078 Thread 0x0000018e7ebbea50 nmethod 5463 0x0000018e07859410 code [0x0000018e078595c0, 0x0000018e078597f8]
Event: 22.090 Thread 0x0000018e7ebbea50 5464       3       sun.reflect.generics.reflectiveObjects.LazyReflectiveObjectGenerator::<init> (10 bytes)
Event: 22.090 Thread 0x0000018e7ebbea50 nmethod 5464 0x0000018e079bd210 code [0x0000018e079bd3a0, 0x0000018e079bd558]
Event: 22.098 Thread 0x0000018e7ebbaf80 nmethod 5449 0x0000018e0f3b7690 code [0x0000018e0f3b7940, 0x0000018e0f3ba730]
Event: 22.098 Thread 0x0000018e7ebbaf80 5460   !   4       java.net.URLClassLoader$1::run (81 bytes)
Event: 22.157 Thread 0x0000018e7ebbea50 5465       3       com.google.common.cache.LocalCache$Segment::newEntryArray (9 bytes)
Event: 22.157 Thread 0x0000018e7ebbea50 nmethod 5465 0x0000018e0794c410 code [0x0000018e0794c5c0, 0x0000018e0794c8d8]
Event: 22.228 Thread 0x0000018e7ebbea50 5466       3       com.google.common.collect.ImmutableList::builderWithExpectedSize (16 bytes)
Event: 22.229 Thread 0x0000018e7ebbea50 nmethod 5466 0x0000018e0786b710 code [0x0000018e0786b8e0, 0x0000018e0786bc88]

GC Heap History (20 events):
Event: 2.976 GC heap before
{Heap before GC invocations=2 (full 0):
 garbage-first heap   total 126976K, used 58057K [0x0000000080000000, 0x0000000100000000)
  region size 1024K, 46 young (47104K), 3 survivors (3072K)
 Metaspace       used 4824K, committed 4992K, reserved 491520K
  class space    used 624K, committed 704K, reserved 425984K
}
Event: 2.985 GC heap after
{Heap after GC invocations=3 (full 0):
 garbage-first heap   total 126976K, used 18084K [0x0000000080000000, 0x0000000100000000)
  region size 1024K, 6 young (6144K), 6 survivors (6144K)
 Metaspace       used 4824K, committed 4992K, reserved 491520K
  class space    used 624K, committed 704K, reserved 425984K
}
Event: 6.904 GC heap before
{Heap before GC invocations=3 (full 0):
 garbage-first heap   total 126976K, used 87716K [0x0000000080000000, 0x0000000100000000)
  region size 1024K, 74 young (75776K), 6 survivors (6144K)
 Metaspace       used 16921K, committed 17216K, reserved 491520K
  class space    used 2392K, committed 2560K, reserved 425984K
}
Event: 6.921 GC heap after
{Heap after GC invocations=4 (full 0):
 garbage-first heap   total 126976K, used 23294K [0x0000000080000000, 0x0000000100000000)
  region size 1024K, 10 young (10240K), 10 survivors (10240K)
 Metaspace       used 16921K, committed 17216K, reserved 491520K
  class space    used 2392K, committed 2560K, reserved 425984K
}
Event: 9.648 GC heap before
{Heap before GC invocations=4 (full 0):
 garbage-first heap   total 126976K, used 59134K [0x0000000080000000, 0x0000000100000000)
  region size 1024K, 46 young (47104K), 10 survivors (10240K)
 Metaspace       used 21180K, committed 21504K, reserved 491520K
  class space    used 3073K, committed 3264K, reserved 425984K
}
Event: 9.657 GC heap after
{Heap after GC invocations=5 (full 0):
 garbage-first heap   total 126976K, used 25632K [0x0000000080000000, 0x0000000100000000)
  region size 1024K, 3 young (3072K), 3 survivors (3072K)
 Metaspace       used 21180K, committed 21504K, reserved 491520K
  class space    used 3073K, committed 3264K, reserved 425984K
}
Event: 12.560 GC heap before
{Heap before GC invocations=6 (full 0):
 garbage-first heap   total 92160K, used 77856K [0x0000000080000000, 0x0000000100000000)
  region size 1024K, 54 young (55296K), 3 survivors (3072K)
 Metaspace       used 27503K, committed 27904K, reserved 491520K
  class space    used 4040K, committed 4224K, reserved 425984K
}
Event: 12.564 GC heap after
{Heap after GC invocations=7 (full 0):
 garbage-first heap   total 92160K, used 28133K [0x0000000080000000, 0x0000000100000000)
  region size 1024K, 5 young (5120K), 5 survivors (5120K)
 Metaspace       used 27503K, committed 27904K, reserved 491520K
  class space    used 4040K, committed 4224K, reserved 425984K
}
Event: 14.298 GC heap before
{Heap before GC invocations=7 (full 0):
 garbage-first heap   total 92160K, used 70117K [0x0000000080000000, 0x0000000100000000)
  region size 1024K, 47 young (48128K), 5 survivors (5120K)
 Metaspace       used 33269K, committed 33664K, reserved 491520K
  class space    used 4701K, committed 4864K, reserved 425984K
}
Event: 14.308 GC heap after
{Heap after GC invocations=8 (full 0):
 garbage-first heap   total 92160K, used 31760K [0x0000000080000000, 0x0000000100000000)
  region size 1024K, 6 young (6144K), 6 survivors (6144K)
 Metaspace       used 33269K, committed 33664K, reserved 491520K
  class space    used 4701K, committed 4864K, reserved 425984K
}
Event: 14.910 GC heap before
{Heap before GC invocations=8 (full 0):
 garbage-first heap   total 92160K, used 54288K [0x0000000080000000, 0x0000000100000000)
  region size 1024K, 24 young (24576K), 6 survivors (6144K)
 Metaspace       used 35534K, committed 35968K, reserved 491520K
  class space    used 4933K, committed 5184K, reserved 425984K
}
Event: 14.917 GC heap after
{Heap after GC invocations=9 (full 0):
 garbage-first heap   total 92160K, used 33872K [0x0000000080000000, 0x0000000100000000)
  region size 1024K, 3 young (3072K), 3 survivors (3072K)
 Metaspace       used 35534K, committed 35968K, reserved 491520K
  class space    used 4933K, committed 5184K, reserved 425984K
}
Event: 15.677 GC heap before
{Heap before GC invocations=10 (full 0):
 garbage-first heap   total 92160K, used 70736K [0x0000000080000000, 0x0000000100000000)
  region size 1024K, 39 young (39936K), 3 survivors (3072K)
 Metaspace       used 37009K, committed 37504K, reserved 491520K
  class space    used 5166K, committed 5440K, reserved 425984K
}
Event: 15.681 GC heap after
{Heap after GC invocations=11 (full 0):
 garbage-first heap   total 92160K, used 34432K [0x0000000080000000, 0x0000000100000000)
  region size 1024K, 3 young (3072K), 3 survivors (3072K)
 Metaspace       used 37009K, committed 37504K, reserved 491520K
  class space    used 5166K, committed 5440K, reserved 425984K
}
Event: 18.041 GC heap before
{Heap before GC invocations=11 (full 0):
 garbage-first heap   total 92160K, used 72320K [0x0000000080000000, 0x0000000100000000)
  region size 1024K, 40 young (40960K), 3 survivors (3072K)
 Metaspace       used 40645K, committed 41216K, reserved 491520K
  class space    used 5743K, committed 6016K, reserved 425984K
}
Event: 18.044 GC heap after
{Heap after GC invocations=12 (full 0):
 garbage-first heap   total 92160K, used 35242K [0x0000000080000000, 0x0000000100000000)
  region size 1024K, 2 young (2048K), 2 survivors (2048K)
 Metaspace       used 40645K, committed 41216K, reserved 491520K
  class space    used 5743K, committed 6016K, reserved 425984K
}
Event: 20.199 GC heap before
{Heap before GC invocations=12 (full 0):
 garbage-first heap   total 92160K, used 75178K [0x0000000080000000, 0x0000000100000000)
  region size 1024K, 40 young (40960K), 2 survivors (2048K)
 Metaspace       used 44912K, committed 45440K, reserved 491520K
  class space    used 6298K, committed 6528K, reserved 425984K
}
Event: 20.203 GC heap after
{Heap after GC invocations=13 (full 0):
 garbage-first heap   total 92160K, used 36439K [0x0000000080000000, 0x0000000100000000)
  region size 1024K, 4 young (4096K), 4 survivors (4096K)
 Metaspace       used 44912K, committed 45440K, reserved 491520K
  class space    used 6298K, committed 6528K, reserved 425984K
}
Event: 21.803 GC heap before
{Heap before GC invocations=13 (full 0):
 garbage-first heap   total 92160K, used 74327K [0x0000000080000000, 0x0000000100000000)
  region size 1024K, 41 young (41984K), 4 survivors (4096K)
 Metaspace       used 49375K, committed 49920K, reserved 491520K
  class space    used 6922K, committed 7168K, reserved 425984K
}
Event: 21.807 GC heap after
{Heap after GC invocations=14 (full 0):
 garbage-first heap   total 92160K, used 38163K [0x0000000080000000, 0x0000000100000000)
  region size 1024K, 5 young (5120K), 5 survivors (5120K)
 Metaspace       used 49375K, committed 49920K, reserved 491520K
  class space    used 6922K, committed 7168K, reserved 425984K
}

Deoptimization events (20 events):
Event: 21.853 Thread 0x0000018e3c8d7590 DEOPT PACKING pc=0x0000018e0f57fb94 sp=0x00000086c56f60b0
Event: 21.853 Thread 0x0000018e3c8d7590 DEOPT UNPACKING pc=0x0000018e0ed75ba3 sp=0x00000086c56f6088 mode 2
Event: 21.953 Thread 0x0000018e3c8d7590 Uncommon trap: trap_request=0xffffffde fr.pc=0x0000018e0f50af00 relative=0x0000000000005600
Event: 21.953 Thread 0x0000018e3c8d7590 Uncommon trap: reason=class_check action=maybe_recompile pc=0x0000018e0f50af00 method=java.net.URLClassLoader.defineClass(Ljava/lang/String;Ljdk/internal/loader/Resource;)Ljava/lang/Class; @ 34 c2
Event: 21.953 Thread 0x0000018e3c8d7590 DEOPT PACKING pc=0x0000018e0f50af00 sp=0x00000086c56f6cc0
Event: 21.953 Thread 0x0000018e3c8d7590 DEOPT UNPACKING pc=0x0000018e0ed75ba3 sp=0x00000086c56f6c60 mode 2
Event: 21.959 Thread 0x0000018e3c8d7590 Uncommon trap: trap_request=0xffffffde fr.pc=0x0000018e0f50af00 relative=0x0000000000005600
Event: 21.959 Thread 0x0000018e3c8d7590 Uncommon trap: reason=class_check action=maybe_recompile pc=0x0000018e0f50af00 method=java.net.URLClassLoader.defineClass(Ljava/lang/String;Ljdk/internal/loader/Resource;)Ljava/lang/Class; @ 34 c2
Event: 21.959 Thread 0x0000018e3c8d7590 DEOPT PACKING pc=0x0000018e0f50af00 sp=0x00000086c56f5c00
Event: 21.960 Thread 0x0000018e3c8d7590 DEOPT UNPACKING pc=0x0000018e0ed75ba3 sp=0x00000086c56f5ba0 mode 2
Event: 21.964 Thread 0x0000018e3c8d7590 Uncommon trap: trap_request=0xffffffde fr.pc=0x0000018e0f50af00 relative=0x0000000000005600
Event: 21.964 Thread 0x0000018e3c8d7590 Uncommon trap: reason=class_check action=maybe_recompile pc=0x0000018e0f50af00 method=java.net.URLClassLoader.defineClass(Ljava/lang/String;Ljdk/internal/loader/Resource;)Ljava/lang/Class; @ 34 c2
Event: 21.964 Thread 0x0000018e3c8d7590 DEOPT PACKING pc=0x0000018e0f50af00 sp=0x00000086c56f5c00
Event: 21.964 Thread 0x0000018e3c8d7590 DEOPT UNPACKING pc=0x0000018e0ed75ba3 sp=0x00000086c56f5ba0 mode 2
Event: 21.968 Thread 0x0000018e3c8d7590 Uncommon trap: trap_request=0xffffffde fr.pc=0x0000018e0f50af00 relative=0x0000000000005600
Event: 21.968 Thread 0x0000018e3c8d7590 Uncommon trap: reason=class_check action=maybe_recompile pc=0x0000018e0f50af00 method=java.net.URLClassLoader.defineClass(Ljava/lang/String;Ljdk/internal/loader/Resource;)Ljava/lang/Class; @ 34 c2
Event: 21.968 Thread 0x0000018e3c8d7590 DEOPT PACKING pc=0x0000018e0f50af00 sp=0x00000086c56f5c00
Event: 21.968 Thread 0x0000018e3c8d7590 DEOPT UNPACKING pc=0x0000018e0ed75ba3 sp=0x00000086c56f5ba0 mode 2
Event: 22.140 Thread 0x0000018e3c8d7590 DEOPT PACKING pc=0x0000018e07cb085c sp=0x00000086c56f2370
Event: 22.140 Thread 0x0000018e3c8d7590 DEOPT UNPACKING pc=0x0000018e0ed766e3 sp=0x00000086c56f18f0 mode 0

Classes unloaded (0 events):
No events

Classes redefined (0 events):
No events

Internal exceptions (20 events):
Event: 17.273 Thread 0x0000018e3c8d7590 Exception <a 'java/lang/NoSuchMethodError'{0x0000000084178ae0}: 'java.lang.Object java.lang.invoke.DirectMethodHandle$Holder.newInvokeSpecial(java.lang.Object, int, java.lang.Object)'> (0x0000000084178ae0) 
thrown [s\open\src\hotspot\share\interpreter\linkResolver.cpp, line 759]
Event: 17.890 Thread 0x0000018e3c8d7590 Exception <a 'java/lang/NoSuchMethodError'{0x0000000083739c90}: 'java.lang.Object java.lang.invoke.DirectMethodHandle$Holder.newInvokeSpecial(java.lang.Object, java.lang.Object, java.lang.Object, int)'> (0x0000000083739c90) 
thrown [s\open\src\hotspot\share\interpreter\linkResolver.cpp, line 759]
Event: 17.891 Thread 0x0000018e3c8d7590 Exception <a 'java/lang/NoSuchMethodError'{0x000000008373f200}: 'java.lang.Object java.lang.invoke.DirectMethodHandle$Holder.invokeSpecial(java.lang.Object, java.lang.Object, java.lang.Object, java.lang.Object, int)'> (0x000000008373f200) 
thrown [s\open\src\hotspot\share\interpreter\linkResolver.cpp, line 759]
Event: 17.892 Thread 0x0000018e3c8d7590 Exception <a 'java/lang/NoSuchMethodError'{0x00000000837440d0}: 'java.lang.Object java.lang.invoke.Invokers$Holder.linkToTargetMethod(java.lang.Object, java.lang.Object, int, java.lang.Object)'> (0x00000000837440d0) 
thrown [s\open\src\hotspot\share\interpreter\linkResolver.cpp, line 759]
Event: 18.062 Thread 0x0000018e3c8d7590 Exception <a 'java/lang/NoSuchMethodError'{0x0000000087b687e0}: 'int java.lang.invoke.DirectMethodHandle$Holder.invokeSpecialIFC(java.lang.Object, java.lang.Object, java.lang.Object)'> (0x0000000087b687e0) 
thrown [s\open\src\hotspot\share\interpreter\linkResolver.cpp, line 759]
Event: 18.345 Thread 0x0000018e3c8d7590 Exception <a 'java/lang/NoSuchMethodError'{0x000000008540ac40}: 'java.lang.Object java.lang.invoke.DirectMethodHandle$Holder.invokeSpecial(java.lang.Object, java.lang.Object, java.lang.Object, java.lang.Object, java.lang.Object, long)'> (0x000000008540ac40) 
thrown [s\open\src\hotspot\share\interpreter\linkResolver.cpp, line 759]
Event: 18.357 Thread 0x0000018e3c8d7590 Exception <a 'java/lang/NoSuchMethodError'{0x00000000854370c0}: 'void java.lang.invoke.DirectMethodHandle$Holder.invokeStatic(java.lang.Object, java.lang.Object, java.lang.Object, int, java.lang.Object)'> (0x00000000854370c0) 
thrown [s\open\src\hotspot\share\interpreter\linkResolver.cpp, line 759]
Event: 18.426 Thread 0x0000018e3c8d7590 Exception <a 'java/lang/NoSuchMethodError'{0x00000000853d1e90}: 'int java.lang.invoke.DirectMethodHandle$Holder.invokeInterface(java.lang.Object, java.lang.Object, java.lang.Object, java.lang.Object, java.lang.Object)'> (0x00000000853d1e90) 
thrown [s\open\src\hotspot\share\interpreter\linkResolver.cpp, line 759]
Event: 18.545 Thread 0x0000018e3c8d7590 Exception <a 'java/lang/NoSuchMethodError'{0x000000008502f820}: 'java.lang.Object java.lang.invoke.DirectMethodHandle$Holder.invokeSpecial(java.lang.Object, java.lang.Object, long, java.lang.Object, java.lang.Object)'> (0x000000008502f820) 
thrown [s\open\src\hotspot\share\interpreter\linkResolver.cpp, line 759]
Event: 18.667 Thread 0x0000018e3c8d7590 Exception <a 'java/lang/IncompatibleClassChangeError'{0x0000000084e4e930}: Found class java.lang.Object, but interface was expected> (0x0000000084e4e930) 
thrown [s\open\src\hotspot\share\interpreter\linkResolver.cpp, line 826]
Event: 18.904 Thread 0x0000018e3c8d7590 Exception <a 'java/lang/NoSuchMethodError'{0x0000000084ce59f8}: 'java.lang.Object java.lang.invoke.DirectMethodHandle$Holder.newInvokeSpecial(java.lang.Object, java.lang.Object, java.lang.Object, java.lang.Object, int, java.lang.Object)'> (0x0000000084ce59f8) 
thrown [s\open\src\hotspot\share\interpreter\linkResolver.cpp, line 759]
Event: 18.905 Thread 0x0000018e3c8d7590 Exception <a 'java/lang/NoSuchMethodError'{0x0000000084ceed48}: 'java.lang.Object java.lang.invoke.Invokers$Holder.linkToTargetMethod(java.lang.Object, java.lang.Object, java.lang.Object, int, java.lang.Object, java.lang.Object)'> (0x0000000084ceed48) 
thrown [s\open\src\hotspot\share\interpreter\linkResolver.cpp, line 759]
Event: 19.700 Thread 0x0000018e3c8d7590 Exception <a 'java/lang/NoSuchMethodError'{0x000000008474d3a8}: 'java.lang.Object java.lang.invoke.DirectMethodHandle$Holder.invokeSpecialIFC(java.lang.Object, java.lang.Object, java.lang.Object)'> (0x000000008474d3a8) 
thrown [s\open\src\hotspot\share\interpreter\linkResolver.cpp, line 759]
Event: 21.009 Thread 0x0000018e3c8d7590 Exception <a 'java/lang/ClassNotFoundException'{0x000000008469f848}: sun/misc/SharedSecrets> (0x000000008469f848) 
thrown [s\open\src\hotspot\share\classfile\systemDictionary.cpp, line 256]
Event: 21.208 Thread 0x0000018e3c8d7590 Exception <a 'sun/nio/fs/WindowsException'{0x0000000084250278}> (0x0000000084250278) 
thrown [s\open\src\hotspot\share\prims\jni.cpp, line 516]
Event: 21.208 Thread 0x0000018e3c8d7590 Exception <a 'sun/nio/fs/WindowsException'{0x0000000084250518}> (0x0000000084250518) 
thrown [s\open\src\hotspot\share\prims\jni.cpp, line 516]
Event: 21.208 Thread 0x0000018e3c8d7590 Exception <a 'sun/nio/fs/WindowsException'{0x0000000084253668}> (0x0000000084253668) 
thrown [s\open\src\hotspot\share\prims\jni.cpp, line 516]
Event: 21.208 Thread 0x0000018e3c8d7590 Exception <a 'sun/nio/fs/WindowsException'{0x00000000842539f8}> (0x00000000842539f8) 
thrown [s\open\src\hotspot\share\prims\jni.cpp, line 516]
Event: 21.212 Thread 0x0000018e3c8d7590 Exception <a 'sun/nio/fs/WindowsException'{0x0000000084275ef0}> (0x0000000084275ef0) 
thrown [s\open\src\hotspot\share\prims\jni.cpp, line 516]
Event: 21.212 Thread 0x0000018e3c8d7590 Exception <a 'sun/nio/fs/WindowsException'{0x0000000084276280}> (0x0000000084276280) 
thrown [s\open\src\hotspot\share\prims\jni.cpp, line 516]

VM Operations (20 events):
Event: 19.863 Executing VM operation: Cleanup
Event: 19.863 Executing VM operation: Cleanup done
Event: 20.199 Executing VM operation: G1CollectForAllocation
Event: 20.203 Executing VM operation: G1CollectForAllocation done
Event: 21.218 Executing VM operation: Cleanup
Event: 21.219 Executing VM operation: Cleanup done
Event: 21.783 Executing VM operation: HandshakeAllThreads
Event: 21.783 Executing VM operation: HandshakeAllThreads done
Event: 21.791 Executing VM operation: ICBufferFull
Event: 21.791 Executing VM operation: ICBufferFull done
Event: 21.803 Executing VM operation: G1CollectForAllocation
Event: 21.807 Executing VM operation: G1CollectForAllocation done
Event: 21.817 Executing VM operation: HandshakeAllThreads
Event: 21.817 Executing VM operation: HandshakeAllThreads done
Event: 21.817 Executing VM operation: HandshakeAllThreads
Event: 21.817 Executing VM operation: HandshakeAllThreads done
Event: 21.839 Executing VM operation: HandshakeAllThreads
Event: 21.839 Executing VM operation: HandshakeAllThreads done
Event: 21.853 Executing VM operation: HandshakeAllThreads
Event: 21.853 Executing VM operation: HandshakeAllThreads done

Events (20 events):
Event: 21.860 Thread 0x0000018e1c918050 flushing nmethod 0x0000018e07fdf310
Event: 21.860 Thread 0x0000018e1c918050 flushing nmethod 0x0000018e07fe3410
Event: 21.860 Thread 0x0000018e1c918050 flushing nmethod 0x0000018e07fedd90
Event: 21.860 Thread 0x0000018e1c918050 flushing nmethod 0x0000018e07ffce10
Event: 21.860 Thread 0x0000018e1c918050 flushing nmethod 0x0000018e07ffdc90
Event: 21.860 Thread 0x0000018e1c918050 flushing nmethod 0x0000018e07ffe190
Event: 21.860 Thread 0x0000018e1c918050 flushing nmethod 0x0000018e07ffe610
Event: 21.860 Thread 0x0000018e1c918050 flushing nmethod 0x0000018e08020190
Event: 21.860 Thread 0x0000018e1c918050 flushing nmethod 0x0000018e08049b90
Event: 21.860 Thread 0x0000018e1c918050 flushing nmethod 0x0000018e0809ec10
Event: 21.860 Thread 0x0000018e1c918050 flushing nmethod 0x0000018e080c2690
Event: 21.860 Thread 0x0000018e1c918050 flushing nmethod 0x0000018e080d4190
Event: 21.860 Thread 0x0000018e1c918050 flushing nmethod 0x0000018e080e8c90
Event: 21.860 Thread 0x0000018e1c918050 flushing nmethod 0x0000018e08113f90
Event: 21.861 Thread 0x0000018e1c918050 flushing nmethod 0x0000018e08227210
Event: 21.861 Thread 0x0000018e1c918050 flushing nmethod 0x0000018e0822f590
Event: 21.861 Thread 0x0000018e1c918050 flushing nmethod 0x0000018e08236990
Event: 21.861 Thread 0x0000018e1c918050 flushing nmethod 0x0000018e08237210
Event: 21.861 Thread 0x0000018e1c918050 flushing nmethod 0x0000018e08237510
Event: 21.861 Thread 0x0000018e1c918050 flushing nmethod 0x0000018e08244610


Dynamic libraries:
0x00007ff7a9130000 - 0x00007ff7a9140000 	C:\Program Files\Java\jdk-17\bin\java.exe
0x00007ffd74150000 - 0x00007ffd74367000 	C:\WINDOWS\SYSTEM32\ntdll.dll
0x00007ffd72d30000 - 0x00007ffd72df4000 	C:\WINDOWS\System32\KERNEL32.DLL
0x00007ffd718d0000 - 0x00007ffd71c8a000 	C:\WINDOWS\System32\KERNELBASE.dll
0x00007ffd71610000 - 0x00007ffd71721000 	C:\WINDOWS\System32\ucrtbase.dll
0x00007ffcdd450000 - 0x00007ffcdd469000 	C:\Program Files\Java\jdk-17\bin\jli.dll
0x00007ffd732e0000 - 0x00007ffd73392000 	C:\WINDOWS\System32\ADVAPI32.dll
0x00007ffd726f0000 - 0x00007ffd72797000 	C:\WINDOWS\System32\msvcrt.dll
0x00007ffd73e90000 - 0x00007ffd73f37000 	C:\WINDOWS\System32\sechost.dll
0x00007ffd71e30000 - 0x00007ffd71e58000 	C:\WINDOWS\System32\bcrypt.dll
0x00007ffd72950000 - 0x00007ffd72a64000 	C:\WINDOWS\System32\RPCRT4.dll
0x00007ffd727a0000 - 0x00007ffd7294e000 	C:\WINDOWS\System32\USER32.dll
0x00007ffd71c90000 - 0x00007ffd71cb6000 	C:\WINDOWS\System32\win32u.dll
0x00007ffd57300000 - 0x00007ffd5731b000 	C:\Program Files\Java\jdk-17\bin\VCRUNTIME140.dll
0x00007ffd72ba0000 - 0x00007ffd72bc9000 	C:\WINDOWS\System32\GDI32.dll
0x00007ffd717b0000 - 0x00007ffd718cb000 	C:\WINDOWS\System32\gdi32full.dll
0x00007ffd71570000 - 0x00007ffd7160a000 	C:\WINDOWS\System32\msvcp_win.dll
0x00007ffd57d30000 - 0x00007ffd57fc2000 	C:\WINDOWS\WinSxS\amd64_microsoft.windows.common-controls_6595b64144ccf1df_6.0.22621.4541_none_2710d1c57384c085\COMCTL32.dll
0x00007ffd620c0000 - 0x00007ffd620ca000 	C:\WINDOWS\SYSTEM32\VERSION.dll
0x00007ffd72bd0000 - 0x00007ffd72c01000 	C:\WINDOWS\System32\IMM32.DLL
0x00007ffd572f0000 - 0x00007ffd572fc000 	C:\Program Files\Java\jdk-17\bin\vcruntime140_1.dll
0x00007ffcd9c90000 - 0x00007ffcd9d1e000 	C:\Program Files\Java\jdk-17\bin\msvcp140.dll
0x00007ffcd3710000 - 0x00007ffcd42f0000 	C:\Program Files\Java\jdk-17\bin\server\jvm.dll
0x00007ffd72c10000 - 0x00007ffd72c18000 	C:\WINDOWS\System32\PSAPI.DLL
0x00007ffceac30000 - 0x00007ffceac39000 	C:\WINDOWS\SYSTEM32\WSOCK32.dll
0x00007ffd68740000 - 0x00007ffd68774000 	C:\WINDOWS\SYSTEM32\WINMM.dll
0x00007ffd72ac0000 - 0x00007ffd72b31000 	C:\WINDOWS\System32\WS2_32.dll
0x00007ffd70560000 - 0x00007ffd70578000 	C:\WINDOWS\SYSTEM32\kernel.appcore.dll
0x00007ffcdf670000 - 0x00007ffcdf67a000 	C:\Program Files\Java\jdk-17\bin\jimage.dll
0x00007ffd6ec30000 - 0x00007ffd6ee62000 	C:\WINDOWS\SYSTEM32\DBGHELP.DLL
0x00007ffd722d0000 - 0x00007ffd7265f000 	C:\WINDOWS\System32\combase.dll
0x00007ffd733a0000 - 0x00007ffd73477000 	C:\WINDOWS\System32\OLEAUT32.dll
0x00007ffd651d0000 - 0x00007ffd65202000 	C:\WINDOWS\SYSTEM32\dbgcore.DLL
0x00007ffd71730000 - 0x00007ffd717ab000 	C:\WINDOWS\System32\bcryptPrimitives.dll
0x00007ffcd3520000 - 0x00007ffcd352e000 	C:\Program Files\Java\jdk-17\bin\instrument.dll
0x00007ffcdca20000 - 0x00007ffcdca45000 	C:\Program Files\Java\jdk-17\bin\java.dll
0x00007ffcd3630000 - 0x00007ffcd3707000 	C:\Program Files\Java\jdk-17\bin\jsvml.dll
0x00007ffd73480000 - 0x00007ffd73cf8000 	C:\WINDOWS\System32\SHELL32.dll
0x00007ffd6f330000 - 0x00007ffd6fc38000 	C:\WINDOWS\SYSTEM32\windows.storage.dll
0x00007ffd6f1f0000 - 0x00007ffd6f32f000 	C:\WINDOWS\SYSTEM32\wintypes.dll
0x00007ffd72030000 - 0x00007ffd7212a000 	C:\WINDOWS\System32\SHCORE.dll
0x00007ffd721e0000 - 0x00007ffd7223e000 	C:\WINDOWS\System32\shlwapi.dll
0x00007ffd71360000 - 0x00007ffd7138b000 	C:\WINDOWS\SYSTEM32\profapi.dll
0x00007ffcd9be0000 - 0x00007ffcd9bf8000 	C:\Program Files\Java\jdk-17\bin\zip.dll
0x00007ffcd9c70000 - 0x00007ffcd9c89000 	C:\Program Files\Java\jdk-17\bin\net.dll
0x00007ffd6b3e0000 - 0x00007ffd6b516000 	C:\WINDOWS\SYSTEM32\WINHTTP.dll
0x00007ffd709e0000 - 0x00007ffd70a49000 	C:\WINDOWS\system32\mswsock.dll
0x00007ffcd9c50000 - 0x00007ffcd9c66000 	C:\Program Files\Java\jdk-17\bin\nio.dll
0x00007ffcd9c10000 - 0x00007ffcd9c20000 	C:\Program Files\Java\jdk-17\bin\verify.dll
0x00007ffcd3530000 - 0x00007ffcd3557000 	C:\Users\DELL\.gradle\native\c067742578af261105cb4f569cf0c3c89f3d7b1fecec35dd04571415982c5e48\windows-amd64\native-platform.dll
0x00007ffcd32a0000 - 0x00007ffcd33e4000 	C:\Users\DELL\.gradle\native\100fb08df4bc3b14c8652ba06237920a3bd2aa13389f12d3474272988ae205f9\windows-amd64\native-platform-file-events.dll
0x00007ffcdd3c0000 - 0x00007ffcdd3ca000 	C:\Program Files\Java\jdk-17\bin\management.dll
0x00007ffcdca10000 - 0x00007ffcdca1b000 	C:\Program Files\Java\jdk-17\bin\management_ext.dll
0x00007ffd70c30000 - 0x00007ffd70c4b000 	C:\WINDOWS\SYSTEM32\CRYPTSP.dll
0x00007ffd704c0000 - 0x00007ffd704f5000 	C:\WINDOWS\system32\rsaenh.dll
0x00007ffd70ad0000 - 0x00007ffd70af8000 	C:\WINDOWS\SYSTEM32\USERENV.dll
0x00007ffd70c50000 - 0x00007ffd70c5c000 	C:\WINDOWS\SYSTEM32\CRYPTBASE.dll
0x00007ffd6ff20000 - 0x00007ffd6ff4d000 	C:\WINDOWS\SYSTEM32\IPHLPAPI.DLL
0x00007ffd722c0000 - 0x00007ffd722c9000 	C:\WINDOWS\System32\NSI.dll
0x00007ffd69a30000 - 0x00007ffd69a49000 	C:\WINDOWS\SYSTEM32\dhcpcsvc6.DLL
0x00007ffd69a10000 - 0x00007ffd69a2f000 	C:\WINDOWS\SYSTEM32\dhcpcsvc.DLL
0x00007ffd6ff50000 - 0x00007ffd70052000 	C:\WINDOWS\SYSTEM32\DNSAPI.dll
0x00007ffcd9c40000 - 0x00007ffcd9c4e000 	C:\Program Files\Java\jdk-17\bin\sunmscapi.dll
0x00007ffd71cc0000 - 0x00007ffd71e26000 	C:\WINDOWS\System32\CRYPT32.dll
0x00007ffd70df0000 - 0x00007ffd70e1d000 	C:\WINDOWS\SYSTEM32\ncrypt.dll
0x00007ffd70db0000 - 0x00007ffd70de7000 	C:\WINDOWS\SYSTEM32\NTASN1.dll
0x00007ffcd9c30000 - 0x00007ffcd9c38000 	C:\WINDOWS\system32\wshunix.dll

dbghelp: loaded successfully - version: 4.0.5 - missing functions: none
symbol engine: initialized successfully - sym options: 0x614 - pdb path: .;C:\Program Files\Java\jdk-17\bin;C:\WINDOWS\SYSTEM32;C:\WINDOWS\WinSxS\amd64_microsoft.windows.common-controls_6595b64144ccf1df_6.0.22621.4541_none_2710d1c57384c085;C:\Program Files\Java\jdk-17\bin\server;C:\Users\DELL\.gradle\native\c067742578af261105cb4f569cf0c3c89f3d7b1fecec35dd04571415982c5e48\windows-amd64;C:\Users\DELL\.gradle\native\100fb08df4bc3b14c8652ba06237920a3bd2aa13389f12d3474272988ae205f9\windows-amd64

VM Arguments:
jvm_args: -XX:MaxMetaspaceSize=512m --add-opens=java.base/java.util=ALL-UNNAMED --add-opens=java.base/java.lang=ALL-UNNAMED --add-opens=java.base/java.lang.invoke=ALL-UNNAMED --add-opens=java.prefs/java.util.prefs=ALL-UNNAMED --add-exports=jdk.compiler/com.sun.tools.javac.api=ALL-UNNAMED --add-exports=jdk.compiler/com.sun.tools.javac.util=ALL-UNNAMED --add-opens=java.base/java.nio.charset=ALL-UNNAMED --add-opens=java.base/java.net=ALL-UNNAMED --add-opens=java.base/java.util.concurrent.atomic=ALL-UNNAMED -Xmx2048m -Dfile.encoding=windows-1252 -Duser.country=IN -Duser.language=en -Duser.variant -javaagent:C:\Users\DELL\.gradle\wrapper\dists\gradle-8.10.2-all\7iv73wktx1xtkvlq19urqw1wm\gradle-8.10.2\lib\agents\gradle-instrumentation-agent-8.10.2.jar 
java_command: org.gradle.launcher.daemon.bootstrap.GradleDaemon 8.10.2
java_class_path (initial): C:\Users\DELL\.gradle\wrapper\dists\gradle-8.10.2-all\7iv73wktx1xtkvlq19urqw1wm\gradle-8.10.2\lib\gradle-daemon-main-8.10.2.jar
Launcher Type: SUN_STANDARD

[Global flags]
     intx CICompilerCount                          = 4                                         {product} {ergonomic}
   size_t CompressedClassSpaceSize                 = 436207616                                 {product} {ergonomic}
     uint ConcGCThreads                            = 2                                         {product} {ergonomic}
     uint G1ConcRefinementThreads                  = 8                                         {product} {ergonomic}
   size_t G1HeapRegionSize                         = 1048576                                   {product} {ergonomic}
    uintx GCDrainStackTargetSize                   = 64                                        {product} {ergonomic}
   size_t InitialHeapSize                          = 130023424                                 {product} {ergonomic}
   size_t MarkStackSize                            = 4194304                                   {product} {ergonomic}
   size_t MaxHeapSize                              = 2147483648                                {product} {command line}
   size_t MaxMetaspaceSize                         = 536870912                                 {product} {command line}
   size_t MaxNewSize                               = 1287651328                                {product} {ergonomic}
   size_t MinHeapDeltaBytes                        = 1048576                                   {product} {ergonomic}
   size_t MinHeapSize                              = 8388608                                   {product} {ergonomic}
    uintx NonNMethodCodeHeapSize                   = 5839372                                {pd product} {ergonomic}
    uintx NonProfiledCodeHeapSize                  = 122909434                              {pd product} {ergonomic}
    uintx ProfiledCodeHeapSize                     = 122909434                              {pd product} {ergonomic}
    uintx ReservedCodeCacheSize                    = 251658240                              {pd product} {ergonomic}
     bool SegmentedCodeCache                       = true                                      {product} {ergonomic}
   size_t SoftMaxHeapSize                          = 2147483648                             {manageable} {ergonomic}
     bool UseCompressedClassPointers               = true                           {product lp64_product} {ergonomic}
     bool UseCompressedOops                        = true                           {product lp64_product} {ergonomic}
     bool UseG1GC                                  = true                                      {product} {ergonomic}
     bool UseLargePagesIndividualAllocation        = false                                  {pd product} {ergonomic}

Logging:
Log output configuration:
 #0: stdout all=warning uptime,level,tags
 #1: stderr all=off uptime,level,tags

Environment Variables:
JAVA_HOME=C:\Program Files\Java\jdk-17
CLASSPATH=C:\Users\DELL\mobile-App-v4\android\\gradle\wrapper\gradle-wrapper.jar
PATH=C:\Users\DELL\mobile-App-v4\node_modules\.bin;C:\Users\DELL\mobile-App-v4\node_modules\.bin;C:\Users\DELL\node_modules\.bin;C:\Users\node_modules\.bin;C:\node_modules\.bin;C:\Program Files\nodejs\node_modules\npm\node_modules\@npmcli\run-script\lib\node-gyp-bin;C:\Users\DELL\mobile-App-v4\node_modules\.bin;C:\Users\DELL\mobile-App-v4\node_modules\.bin;C:\Users\DELL\node_modules\.bin;C:\Users\node_modules\.bin;C:\node_modules\.bin;C:\Users\DELL\AppData\Roaming\npm\node_modules\npm\node_modules\@npmcli\run-script\lib\node-gyp-bin;C:\Program Files\FireDaemon OpenSSL 3\bin\;C:\Program Files\Microsoft\jdk-17.0.11.9-hotspot\bin;C:\Program Files\Microsoft\jdk-11.0.23.9-hotspot\bin;C:\Program Files\OpenLogic\jdk-11.0.23.9-hotspot\bin;C:\Program Files\Common Files\Oracle\Java\javapath;C:\Python312\Scripts\;C:\Python312\;C:\Program Files\Python311\Scripts\;C:\Program Files\Python311\;C:\Windows\system32;C:\Windows;C:\Windows\System32\Wbem;C:\Windows\System32\WindowsPowerShell\v1.0\;C:\Windows\System32\OpenSSH\;C:\Program Files\NVIDIA Corporation\NVIDIA NvDLISR;C:\Program Files\dotnet\;C:\Program Files (x86)\NVIDIA Corporation\PhysX\Common;C:\WINDOWS\system32;C:\WINDOWS;C:\WINDOWS\System32\Wbem;C:\WINDOWS\System32\WindowsPowerShell\v1.0\;C:\WINDOWS\System32\OpenSSH\;C:\MinGW\bin;C:\ProgramData\chocolatey\bin;C:\Program Files\Git\cmd;C:\xampp\php;C:\ProgramData\ComposerSetup\bin;C:\Users\DELL\anaconda3;C:\Users\DELL\anaconda3\Scripts;C:\Users\DELL\AppData\Roaming\nvm;C:\Users\DELL\AppData\Local\Android\Sdk;C:\Users\DELL\AppData\Local\Android\Sdk\platform-tools;C:\Program Files\Docker\Docker\resources\bin;D:\Download Folder\sratoolkit.current-win64\sratoolkit.3.1.1-win64\bin;D:\Download Folder\v0.12.1 source code\s-andrews-FastQC-e7ef390;D:\Download Folder\fastqc_v0.12.1\FastQC;C:\Users\DELL\FastQC;C:\Users\DELL\AppData\Local\Android\Sdk\cmake\3.22.1\bin;C:\Users\DELL\AppData\Local\Android\Sdk\ndk\26.1.10909125;C:\Program Files\MongoDB\Server\8.0\bin;C:\Users\DELL\AppData\Loca
USERNAME=DELL
OS=Windows_NT
PROCESSOR_IDENTIFIER=Intel64 Family 6 Model 140 Stepping 1, GenuineIntel



---------------  S Y S T E M  ---------------

OS:
 Windows 11 , 64 bit Build 22621 (10.0.22621.4391)
OS uptime: 0 days 1:09 hours
Hyper-V role detected

CPU: total 8 (initial active 8) (4 cores per cpu, 2 threads per core) family 6 model 140 stepping 1 microcode 0xb8, cx8, cmov, fxsr, ht, mmx, 3dnowpref, sse, sse2, sse3, ssse3, sse4.1, sse4.2, popcnt, lzcnt, tsc, tscinvbit, avx, avx2, aes, erms, clmul, bmi1, bmi2, adx, avx512f, avx512dq, avx512cd, avx512bw, avx512vl, sha, fma, vzeroupper, avx512_vpopcntdq, avx512_vpclmulqdq, avx512_vaes, avx512_vnni, clflush, clflushopt, clwb, avx512_vbmi2, avx512_vbmi, hv

Memory: 4k page, system-wide physical 7926M (173M free)
TotalPageFile size 18703M (AvailPageFile size 30M)
current process WorkingSet (physical memory assigned to process): 245M, peak: 246M
current process commit charge ("private bytes"): 288M, peak: 290M

vm_info: Java HotSpot(TM) 64-Bit Server VM (17.0.11+7-LTS-207) for windows-amd64 JRE (17.0.11+7-LTS-207), built on Mar 11 2024 19:01:50 by "mach5one" with MS VC++ 17.6 (VS2022)

END.
