#
# There is insufficient memory for the Java Runtime Environment to continue.
# Native memory allocation (malloc) failed to allocate 1264576 bytes for Chunk::new
# Possible reasons:
#   The system is out of physical RAM or swap space
#   The process is running with CompressedOops enabled, and the Java Heap may be blocking the growth of the native heap
# Possible solutions:
#   Reduce memory load on the system
#   Increase physical memory or swap space
#   Check if swap backing store is full
#   Decrease Java heap size (-Xmx/-Xms)
#   Decrease number of Java threads
#   Decrease Java thread stack sizes (-Xss)
#   Set larger code cache with -XX:ReservedCodeCacheSize=
#   JVM is running with Unscaled Compressed Oops mode in which the Java heap is
#     placed in the first 4GB address space. The Java Heap base address is the
#     maximum limit for the native heap growth. Please use -XX:HeapBaseMinAddress
#     to set the Java Heap base and to place the Java Heap above 4GB virtual address.
# This output file may be truncated or incomplete.
#
#  Out of Memory Error (arena.cpp:189), pid=21756, tid=19576
#
# JRE version: Java(TM) SE Runtime Environment (17.0.11+7) (build 17.0.11+7-LTS-207)
# Java VM: Java HotSpot(TM) 64-Bit Server VM (17.0.11+7-LTS-207, mixed mode, sharing, tiered, compressed oops, compressed class ptrs, g1 gc, windows-amd64)
# No core dump will be written. Minidumps are not enabled by default on client versions of Windows
#

---------------  S U M M A R Y ------------

Command Line: org.jetbrains.kotlin.cli.jvm.K2JVMCompiler @C:\Users\DELL\mobile-App-v4\node_modules\react-native-gesture-handler\android\build\20241210_2939986456376708232.compiler.options

Host: 11th Gen Intel(R) Core(TM) i5-1135G7 @ 2.40GHz, 8 cores, 7G,  Windows 11 , 64 bit Build 22621 (10.0.22621.4391)
Time: Tue Dec 10 03:10:28 2024 India Standard Time elapsed time: 33.223515 seconds (0d 0h 0m 33s)

---------------  T H R E A D  ---------------

Current thread (0x00000128ff7e8300):  JavaThread "C2 CompilerThread0" daemon [_thread_in_native, id=19576, stack(0x0000000afbb00000,0x0000000afbc00000)]


Current CompileTask:
C2:  33223 10415       4       org.jetbrains.org.objectweb.asm.ClassReader::accept (1380 bytes)

Stack: [0x0000000afbb00000,0x0000000afbc00000]
Native frames: (J=compiled Java code, j=interpreted, Vv=VM code, C=native code)
V  [jvm.dll+0x679cca]
V  [jvm.dll+0x7da13d]
V  [jvm.dll+0x7dba83]
V  [jvm.dll+0x7dc0f3]
V  [jvm.dll+0x2449af]
V  [jvm.dll+0xab83b]
V  [jvm.dll+0xabe1c]
V  [jvm.dll+0x3615ae]
V  [jvm.dll+0x1b9fca]
V  [jvm.dll+0x216337]
V  [jvm.dll+0x21560f]
V  [jvm.dll+0x1a2040]
V  [jvm.dll+0x225a2b]
V  [jvm.dll+0x223bcb]
V  [jvm.dll+0x7903ec]
V  [jvm.dll+0x78a85a]
V  [jvm.dll+0x678bb5]
C  [ucrtbase.dll+0x29333]
C  [KERNEL32.DLL+0x1259d]
C  [ntdll.dll+0x5af38]


---------------  P R O C E S S  ---------------

Threads class SMR info:
_java_thread_list=0x00000128c9f845b0, length=13, elements={
0x00000128e1899ba0, 0x00000128ff7cf2f0, 0x00000128ff7cfcb0, 0x00000128ff7e4810,
0x00000128ff7e61e0, 0x00000128ff7e6ba0, 0x00000128ff7e7560, 0x00000128ff7e8300,
0x00000128ff8472c0, 0x00000128ff84a800, 0x00000128ffa39c20, 0x00000128ffa41150,
0x00000128ca5b70d0
}

Java Threads: ( => current thread )
  0x00000128e1899ba0 JavaThread "main" [_thread_in_Java, id=13436, stack(0x0000000afae00000,0x0000000afaf00000)]
  0x00000128ff7cf2f0 JavaThread "Reference Handler" daemon [_thread_blocked, id=16176, stack(0x0000000afb500000,0x0000000afb600000)]
  0x00000128ff7cfcb0 JavaThread "Finalizer" daemon [_thread_blocked, id=19676, stack(0x0000000afb600000,0x0000000afb700000)]
  0x00000128ff7e4810 JavaThread "Signal Dispatcher" daemon [_thread_blocked, id=13188, stack(0x0000000afb700000,0x0000000afb800000)]
  0x00000128ff7e61e0 JavaThread "Attach Listener" daemon [_thread_blocked, id=18540, stack(0x0000000afb800000,0x0000000afb900000)]
  0x00000128ff7e6ba0 JavaThread "Service Thread" daemon [_thread_blocked, id=15296, stack(0x0000000afb900000,0x0000000afba00000)]
  0x00000128ff7e7560 JavaThread "Monitor Deflation Thread" daemon [_thread_blocked, id=5684, stack(0x0000000afba00000,0x0000000afbb00000)]
=>0x00000128ff7e8300 JavaThread "C2 CompilerThread0" daemon [_thread_in_native, id=19576, stack(0x0000000afbb00000,0x0000000afbc00000)]
  0x00000128ff8472c0 JavaThread "C1 CompilerThread0" daemon [_thread_in_vm, id=3232, stack(0x0000000afbc00000,0x0000000afbd00000)]
  0x00000128ff84a800 JavaThread "Sweeper thread" daemon [_thread_blocked, id=10496, stack(0x0000000afbd00000,0x0000000afbe00000)]
  0x00000128ffa39c20 JavaThread "Notification Thread" daemon [_thread_blocked, id=7568, stack(0x0000000afbe00000,0x0000000afbf00000)]
  0x00000128ffa41150 JavaThread "Common-Cleaner" daemon [_thread_blocked, id=21452, stack(0x0000000afc000000,0x0000000afc100000)]
  0x00000128ca5b70d0 JavaThread "C2 CompilerThread1" daemon [_thread_in_native, id=19752, stack(0x0000000afc600000,0x0000000afc700000)]

Other Threads:
  0x00000128ff7c6920 VMThread "VM Thread" [stack: 0x0000000afb400000,0x0000000afb500000] [id=7968]
  0x00000128e190b740 WatcherThread [stack: 0x0000000afbf00000,0x0000000afc000000] [id=21068]
  0x00000128e18f3e10 GCTaskThread "GC Thread#0" [stack: 0x0000000afaf00000,0x0000000afb000000] [id=22204]
  0x00000128c71ae470 GCTaskThread "GC Thread#1" [stack: 0x0000000afc100000,0x0000000afc200000] [id=18764]
  0x00000128c71cf680 GCTaskThread "GC Thread#2" [stack: 0x0000000afc200000,0x0000000afc300000] [id=2644]
  0x00000128c71c7040 GCTaskThread "GC Thread#3" [stack: 0x0000000afc300000,0x0000000afc400000] [id=10412]
  0x00000128c71c7300 GCTaskThread "GC Thread#4" [stack: 0x0000000afc400000,0x0000000afc500000] [id=21956]
  0x00000128c71c75c0 GCTaskThread "GC Thread#5" [stack: 0x0000000afc500000,0x0000000afc600000] [id=21116]
  0x00000128c762e630 GCTaskThread "GC Thread#6" [stack: 0x0000000afc700000,0x0000000afc800000] [id=21920]
  0x00000128c7414260 GCTaskThread "GC Thread#7" [stack: 0x0000000afc800000,0x0000000afc900000] [id=10476]
  0x00000128e1904520 ConcurrentGCThread "G1 Main Marker" [stack: 0x0000000afb000000,0x0000000afb100000] [id=21912]
  0x00000128e1904f30 ConcurrentGCThread "G1 Conc#0" [stack: 0x0000000afb100000,0x0000000afb200000] [id=14844]
  0x00000128c77e0be0 ConcurrentGCThread "G1 Conc#1" [stack: 0x0000000afc900000,0x0000000afca00000] [id=10268]
  0x00000128e195df80 ConcurrentGCThread "G1 Refine#0" [stack: 0x0000000afb200000,0x0000000afb300000] [id=7540]
  0x00000128cb30bcb0 ConcurrentGCThread "G1 Refine#1" [stack: 0x0000000afca00000,0x0000000afcb00000] [id=22092]
  0x00000128ca7c3c60 ConcurrentGCThread "G1 Refine#2" [stack: 0x0000000afcb00000,0x0000000afcc00000] [id=16496]
  0x00000128e195e9b0 ConcurrentGCThread "G1 Service" [stack: 0x0000000afb300000,0x0000000afb400000] [id=3100]

Threads with active compile tasks:
C2 CompilerThread0    33265 10415       4       org.jetbrains.org.objectweb.asm.ClassReader::accept (1380 bytes)
C2 CompilerThread1    33265 10416       4       org.jetbrains.kotlin.resolve.lazy.LazyImportScope$getContributedVariables$1::invoke (9 bytes)

VM state: not at safepoint (normal execution)

VM Mutex/Monitor currently owned by a thread: None

Heap address: 0x0000000084200000, size: 1982 MB, Compressed Oops mode: 32-bit

CDS archive(s) mapped at: [0x0000012882000000-0x0000012882bd0000-0x0000012882bd0000), size 12386304, SharedBaseAddress: 0x0000012882000000, ArchiveRelocationMode: 1.
Compressed class space mapped at: 0x0000012883000000-0x00000128c3000000, reserved size: 1073741824
Narrow klass base: 0x0000012882000000, Narrow klass shift: 0, Narrow klass range: 0x100000000

GC Precious Log:
 CPUs: 8 total, 8 available
 Memory: 7926M
 Large Page Support: Disabled
 NUMA Support: Disabled
 Compressed Oops: Enabled (32-bit)
 Heap Region Size: 1M
 Heap Min Capacity: 8M
 Heap Initial Capacity: 124M
 Heap Max Capacity: 1982M
 Pre-touch: Disabled
 Parallel Workers: 8
 Concurrent Workers: 2
 Concurrent Refinement Workers: 8
 Periodic GC: Disabled

Heap:
 garbage-first heap   total 104448K, used 72538K [0x0000000084200000, 0x0000000100000000)
  region size 1024K, 15 young (15360K), 2 survivors (2048K)
 Metaspace       used 53899K, committed 54144K, reserved 1114112K
  class space    used 6198K, committed 6336K, reserved 1048576K

Heap Regions: E=young(eden), S=young(survivor), O=old, HS=humongous(starts), HC=humongous(continues), CS=collection set, F=free, OA=open archive, CA=closed archive, TAMS=top-at-mark-start (previous, next)
|   0|0x0000000084200000, 0x0000000084300000, 0x0000000084300000|100%|HS|  |TAMS 0x0000000084300000, 0x0000000084200000| Complete 
|   1|0x0000000084300000, 0x0000000084400000, 0x0000000084400000|100%|HC|  |TAMS 0x0000000084400000, 0x0000000084300000| Complete 
|   2|0x0000000084400000, 0x0000000084500000, 0x0000000084500000|100%|HC|  |TAMS 0x0000000084500000, 0x0000000084400000| Complete 
|   3|0x0000000084500000, 0x0000000084600000, 0x0000000084600000|100%|HC|  |TAMS 0x0000000084600000, 0x0000000084500000| Complete 
|   4|0x0000000084600000, 0x0000000084700000, 0x0000000084700000|100%| O|  |TAMS 0x0000000084700000, 0x0000000084600000| Untracked 
|   5|0x0000000084700000, 0x0000000084800000, 0x0000000084800000|100%| O|  |TAMS 0x0000000084800000, 0x0000000084700000| Untracked 
|   6|0x0000000084800000, 0x0000000084900000, 0x0000000084900000|100%| O|  |TAMS 0x0000000084900000, 0x0000000084800000| Untracked 
|   7|0x0000000084900000, 0x0000000084a00000, 0x0000000084a00000|100%| O|  |TAMS 0x0000000084a00000, 0x0000000084900000| Untracked 
|   8|0x0000000084a00000, 0x0000000084b00000, 0x0000000084b00000|100%| O|  |TAMS 0x0000000084b00000, 0x0000000084a00000| Untracked 
|   9|0x0000000084b00000, 0x0000000084c00000, 0x0000000084c00000|100%| O|  |TAMS 0x0000000084c00000, 0x0000000084b00000| Untracked 
|  10|0x0000000084c00000, 0x0000000084d00000, 0x0000000084d00000|100%| O|  |TAMS 0x0000000084d00000, 0x0000000084c00000| Untracked 
|  11|0x0000000084d00000, 0x0000000084e00000, 0x0000000084e00000|100%| O|  |TAMS 0x0000000084e00000, 0x0000000084d00000| Untracked 
|  12|0x0000000084e00000, 0x0000000084f00000, 0x0000000084f00000|100%| O|  |TAMS 0x0000000084f00000, 0x0000000084e00000| Untracked 
|  13|0x0000000084f00000, 0x0000000085000000, 0x0000000085000000|100%| O|  |TAMS 0x0000000085000000, 0x0000000084f00000| Untracked 
|  14|0x0000000085000000, 0x0000000085100000, 0x0000000085100000|100%| O|  |TAMS 0x0000000085100000, 0x0000000085000000| Untracked 
|  15|0x0000000085100000, 0x0000000085200000, 0x0000000085200000|100%| O|  |TAMS 0x0000000085200000, 0x0000000085100000| Untracked 
|  16|0x0000000085200000, 0x0000000085300000, 0x0000000085300000|100%| O|  |TAMS 0x0000000085300000, 0x0000000085200000| Untracked 
|  17|0x0000000085300000, 0x0000000085400000, 0x0000000085400000|100%| O|  |TAMS 0x0000000085400000, 0x0000000085300000| Untracked 
|  18|0x0000000085400000, 0x0000000085500000, 0x0000000085500000|100%|HS|  |TAMS 0x0000000085500000, 0x0000000085400000| Complete 
|  19|0x0000000085500000, 0x0000000085600000, 0x0000000085600000|100%|HC|  |TAMS 0x0000000085600000, 0x0000000085500000| Complete 
|  20|0x0000000085600000, 0x0000000085700000, 0x0000000085700000|100%| O|  |TAMS 0x0000000085700000, 0x0000000085600000| Untracked 
|  21|0x0000000085700000, 0x0000000085800000, 0x0000000085800000|100%| O|  |TAMS 0x0000000085800000, 0x0000000085700000| Untracked 
|  22|0x0000000085800000, 0x0000000085900000, 0x0000000085900000|100%| O|  |TAMS 0x0000000085900000, 0x0000000085800000| Untracked 
|  23|0x0000000085900000, 0x0000000085a00000, 0x0000000085a00000|100%| O|  |TAMS 0x0000000085a00000, 0x0000000085900000| Untracked 
|  24|0x0000000085a00000, 0x0000000085b00000, 0x0000000085b00000|100%| O|  |TAMS 0x0000000085b00000, 0x0000000085a00000| Untracked 
|  25|0x0000000085b00000, 0x0000000085c00000, 0x0000000085c00000|100%| O|  |TAMS 0x0000000085c00000, 0x0000000085b00000| Untracked 
|  26|0x0000000085c00000, 0x0000000085d00000, 0x0000000085d00000|100%| O|  |TAMS 0x0000000085d00000, 0x0000000085c00000| Untracked 
|  27|0x0000000085d00000, 0x0000000085e00000, 0x0000000085e00000|100%| O|  |TAMS 0x0000000085e00000, 0x0000000085d00000| Untracked 
|  28|0x0000000085e00000, 0x0000000085f00000, 0x0000000085f00000|100%| O|  |TAMS 0x0000000085f00000, 0x0000000085e00000| Untracked 
|  29|0x0000000085f00000, 0x0000000086000000, 0x0000000086000000|100%| O|  |TAMS 0x0000000086000000, 0x0000000085f00000| Untracked 
|  30|0x0000000086000000, 0x0000000086100000, 0x0000000086100000|100%| O|  |TAMS 0x0000000086100000, 0x0000000086000000| Untracked 
|  31|0x0000000086100000, 0x0000000086200000, 0x0000000086200000|100%| O|  |TAMS 0x0000000086200000, 0x0000000086100000| Untracked 
|  32|0x0000000086200000, 0x0000000086300000, 0x0000000086300000|100%| O|  |TAMS 0x0000000086300000, 0x0000000086200000| Untracked 
|  33|0x0000000086300000, 0x0000000086400000, 0x0000000086400000|100%| O|  |TAMS 0x0000000086400000, 0x0000000086300000| Untracked 
|  34|0x0000000086400000, 0x0000000086500000, 0x0000000086500000|100%| O|  |TAMS 0x0000000086500000, 0x0000000086400000| Untracked 
|  35|0x0000000086500000, 0x0000000086600000, 0x0000000086600000|100%| O|  |TAMS 0x0000000086600000, 0x0000000086500000| Untracked 
|  36|0x0000000086600000, 0x0000000086700000, 0x0000000086700000|100%| O|  |TAMS 0x0000000086700000, 0x0000000086600000| Untracked 
|  37|0x0000000086700000, 0x0000000086800000, 0x0000000086800000|100%| O|  |TAMS 0x0000000086800000, 0x0000000086700000| Untracked 
|  38|0x0000000086800000, 0x0000000086900000, 0x0000000086900000|100%| O|  |TAMS 0x0000000086900000, 0x0000000086800000| Untracked 
|  39|0x0000000086900000, 0x0000000086a00000, 0x0000000086a00000|100%| O|  |TAMS 0x0000000086a00000, 0x0000000086900000| Untracked 
|  40|0x0000000086a00000, 0x0000000086b00000, 0x0000000086b00000|100%| O|  |TAMS 0x0000000086b00000, 0x0000000086a00000| Untracked 
|  41|0x0000000086b00000, 0x0000000086c00000, 0x0000000086c00000|100%| O|  |TAMS 0x0000000086c00000, 0x0000000086b00000| Untracked 
|  42|0x0000000086c00000, 0x0000000086d00000, 0x0000000086d00000|100%| O|  |TAMS 0x0000000086d00000, 0x0000000086c00000| Untracked 
|  43|0x0000000086d00000, 0x0000000086e00000, 0x0000000086e00000|100%| O|  |TAMS 0x0000000086e00000, 0x0000000086d00000| Untracked 
|  44|0x0000000086e00000, 0x0000000086f00000, 0x0000000086f00000|100%| O|  |TAMS 0x0000000086f00000, 0x0000000086e00000| Untracked 
|  45|0x0000000086f00000, 0x0000000087000000, 0x0000000087000000|100%| O|  |TAMS 0x0000000087000000, 0x0000000086f00000| Untracked 
|  46|0x0000000087000000, 0x0000000087100000, 0x0000000087100000|100%| O|  |TAMS 0x0000000087100000, 0x0000000087000000| Untracked 
|  47|0x0000000087100000, 0x0000000087200000, 0x0000000087200000|100%| O|  |TAMS 0x0000000087200000, 0x0000000087100000| Untracked 
|  48|0x0000000087200000, 0x0000000087300000, 0x0000000087300000|100%| O|  |TAMS 0x0000000087300000, 0x0000000087200000| Untracked 
|  49|0x0000000087300000, 0x0000000087400000, 0x0000000087400000|100%| O|  |TAMS 0x0000000087400000, 0x0000000087300000| Untracked 
|  50|0x0000000087400000, 0x0000000087500000, 0x0000000087500000|100%| O|  |TAMS 0x0000000087500000, 0x0000000087400000| Untracked 
|  51|0x0000000087500000, 0x0000000087600000, 0x0000000087600000|100%| O|  |TAMS 0x000000008756dc00, 0x0000000087500000| Untracked 
|  52|0x0000000087600000, 0x0000000087700000, 0x0000000087700000|100%| O|  |TAMS 0x0000000087600000, 0x0000000087600000| Untracked 
|  53|0x0000000087700000, 0x0000000087800000, 0x0000000087800000|100%| O|  |TAMS 0x0000000087700000, 0x0000000087700000| Untracked 
|  54|0x0000000087800000, 0x0000000087900000, 0x0000000087900000|100%| O|  |TAMS 0x0000000087800000, 0x0000000087800000| Untracked 
|  55|0x0000000087900000, 0x000000008797ae00, 0x0000000087a00000| 47%| O|  |TAMS 0x0000000087900000, 0x0000000087900000| Untracked 
|  56|0x0000000087a00000, 0x0000000087b00000, 0x0000000087b00000|100%|HS|  |TAMS 0x0000000087a00000, 0x0000000087a00000| Complete 
|  57|0x0000000087b00000, 0x0000000087c00000, 0x0000000087c00000|100%|HC|  |TAMS 0x0000000087b00000, 0x0000000087b00000| Complete 
|  58|0x0000000087c00000, 0x0000000087c00000, 0x0000000087d00000|  0%| F|  |TAMS 0x0000000087c00000, 0x0000000087c00000| Untracked 
|  59|0x0000000087d00000, 0x0000000087d00000, 0x0000000087e00000|  0%| F|  |TAMS 0x0000000087d00000, 0x0000000087d00000| Untracked 
|  60|0x0000000087e00000, 0x0000000087e00000, 0x0000000087f00000|  0%| F|  |TAMS 0x0000000087e00000, 0x0000000087e00000| Untracked 
|  61|0x0000000087f00000, 0x0000000087f00000, 0x0000000088000000|  0%| F|  |TAMS 0x0000000087f00000, 0x0000000087f00000| Untracked 
|  62|0x0000000088000000, 0x0000000088000000, 0x0000000088100000|  0%| F|  |TAMS 0x0000000088000000, 0x0000000088000000| Untracked 
|  63|0x0000000088100000, 0x0000000088100000, 0x0000000088200000|  0%| F|  |TAMS 0x0000000088100000, 0x0000000088100000| Untracked 
|  64|0x0000000088200000, 0x0000000088200000, 0x0000000088300000|  0%| F|  |TAMS 0x0000000088200000, 0x0000000088200000| Untracked 
|  65|0x0000000088300000, 0x0000000088300000, 0x0000000088400000|  0%| F|  |TAMS 0x0000000088300000, 0x0000000088300000| Untracked 
|  66|0x0000000088400000, 0x0000000088400000, 0x0000000088500000|  0%| F|  |TAMS 0x0000000088400000, 0x0000000088400000| Untracked 
|  67|0x0000000088500000, 0x0000000088500000, 0x0000000088600000|  0%| F|  |TAMS 0x0000000088500000, 0x0000000088500000| Untracked 
|  68|0x0000000088600000, 0x0000000088600000, 0x0000000088700000|  0%| F|  |TAMS 0x0000000088600000, 0x0000000088600000| Untracked 
|  69|0x0000000088700000, 0x0000000088700000, 0x0000000088800000|  0%| F|  |TAMS 0x0000000088700000, 0x0000000088700000| Untracked 
|  70|0x0000000088800000, 0x0000000088800000, 0x0000000088900000|  0%| F|  |TAMS 0x0000000088800000, 0x0000000088800000| Untracked 
|  71|0x0000000088900000, 0x0000000088900000, 0x0000000088a00000|  0%| F|  |TAMS 0x0000000088900000, 0x0000000088900000| Untracked 
|  72|0x0000000088a00000, 0x0000000088a00000, 0x0000000088b00000|  0%| F|  |TAMS 0x0000000088a00000, 0x0000000088a00000| Untracked 
|  73|0x0000000088b00000, 0x0000000088b00000, 0x0000000088c00000|  0%| F|  |TAMS 0x0000000088b00000, 0x0000000088b00000| Untracked 
|  74|0x0000000088c00000, 0x0000000088c00000, 0x0000000088d00000|  0%| F|  |TAMS 0x0000000088c00000, 0x0000000088c00000| Untracked 
|  75|0x0000000088d00000, 0x0000000088d00000, 0x0000000088e00000|  0%| F|  |TAMS 0x0000000088d00000, 0x0000000088d00000| Untracked 
|  76|0x0000000088e00000, 0x0000000088e00000, 0x0000000088f00000|  0%| F|  |TAMS 0x0000000088e00000, 0x0000000088e00000| Untracked 
|  77|0x0000000088f00000, 0x0000000088f00000, 0x0000000089000000|  0%| F|  |TAMS 0x0000000088f00000, 0x0000000088f00000| Untracked 
|  78|0x0000000089000000, 0x0000000089000000, 0x0000000089100000|  0%| F|  |TAMS 0x0000000089000000, 0x0000000089000000| Untracked 
|  79|0x0000000089100000, 0x000000008915bb30, 0x0000000089200000| 35%| S|CS|TAMS 0x0000000089100000, 0x0000000089100000| Complete 
|  80|0x0000000089200000, 0x0000000089300000, 0x0000000089300000|100%| S|CS|TAMS 0x0000000089200000, 0x0000000089200000| Complete 
|  81|0x0000000089300000, 0x0000000089300000, 0x0000000089400000|  0%| F|  |TAMS 0x0000000089300000, 0x0000000089300000| Untracked 
|  82|0x0000000089400000, 0x0000000089400000, 0x0000000089500000|  0%| F|  |TAMS 0x0000000089400000, 0x0000000089400000| Untracked 
|  83|0x0000000089500000, 0x0000000089500000, 0x0000000089600000|  0%| F|  |TAMS 0x0000000089500000, 0x0000000089500000| Untracked 
|  84|0x0000000089600000, 0x0000000089600000, 0x0000000089700000|  0%| F|  |TAMS 0x0000000089600000, 0x0000000089600000| Untracked 
|  85|0x0000000089700000, 0x0000000089700000, 0x0000000089800000|  0%| F|  |TAMS 0x0000000089700000, 0x0000000089700000| Untracked 
|  86|0x0000000089800000, 0x0000000089800000, 0x0000000089900000|  0%| F|  |TAMS 0x0000000089800000, 0x0000000089800000| Untracked 
|  87|0x0000000089900000, 0x0000000089900000, 0x0000000089a00000|  0%| F|  |TAMS 0x0000000089900000, 0x0000000089900000| Untracked 
|  88|0x0000000089a00000, 0x0000000089a00000, 0x0000000089b00000|  0%| F|  |TAMS 0x0000000089a00000, 0x0000000089a00000| Untracked 
|  89|0x0000000089b00000, 0x0000000089c00000, 0x0000000089c00000|100%| E|  |TAMS 0x0000000089b00000, 0x0000000089b00000| Complete 
|  90|0x0000000089c00000, 0x0000000089d00000, 0x0000000089d00000|100%| E|CS|TAMS 0x0000000089c00000, 0x0000000089c00000| Complete 
|  91|0x0000000089d00000, 0x0000000089e00000, 0x0000000089e00000|100%| E|CS|TAMS 0x0000000089d00000, 0x0000000089d00000| Complete 
|  92|0x0000000089e00000, 0x0000000089f00000, 0x0000000089f00000|100%| E|CS|TAMS 0x0000000089e00000, 0x0000000089e00000| Complete 
|  93|0x0000000089f00000, 0x000000008a000000, 0x000000008a000000|100%| E|CS|TAMS 0x0000000089f00000, 0x0000000089f00000| Complete 
|  94|0x000000008a000000, 0x000000008a100000, 0x000000008a100000|100%| E|CS|TAMS 0x000000008a000000, 0x000000008a000000| Complete 
|  95|0x000000008a100000, 0x000000008a200000, 0x000000008a200000|100%| E|CS|TAMS 0x000000008a100000, 0x000000008a100000| Complete 
|  96|0x000000008a200000, 0x000000008a300000, 0x000000008a300000|100%| E|CS|TAMS 0x000000008a200000, 0x000000008a200000| Complete 
|  97|0x000000008a300000, 0x000000008a400000, 0x000000008a400000|100%| E|CS|TAMS 0x000000008a300000, 0x000000008a300000| Complete 
|  98|0x000000008a400000, 0x000000008a500000, 0x000000008a500000|100%| E|CS|TAMS 0x000000008a400000, 0x000000008a400000| Complete 
|  99|0x000000008a500000, 0x000000008a600000, 0x000000008a600000|100%| E|CS|TAMS 0x000000008a500000, 0x000000008a500000| Complete 
| 100|0x000000008a600000, 0x000000008a700000, 0x000000008a700000|100%| E|CS|TAMS 0x000000008a600000, 0x000000008a600000| Complete 
| 123|0x000000008bd00000, 0x000000008be00000, 0x000000008be00000|100%| E|CS|TAMS 0x000000008bd00000, 0x000000008bd00000| Complete 

Card table byte_map: [0x00000128fa770000,0x00000128fab50000] _byte_map_base: 0x00000128fa34f000

Marking Bits (Prev, Next): (CMBitMap*) 0x00000128e18f4430, (CMBitMap*) 0x00000128e18f4470
 Prev Bits: [0x00000128faf30000, 0x00000128fce28000)
 Next Bits: [0x00000128fce30000, 0x00000128fed28000)

Polling page: 0x00000128e1960000

Metaspace:

Usage:
  Non-class:     46.58 MB used.
      Class:      6.05 MB used.
       Both:     52.64 MB used.

Virtual space:
  Non-class space:       64.00 MB reserved,      46.69 MB ( 73%) committed,  1 nodes.
      Class space:        1.00 GB reserved,       6.19 MB ( <1%) committed,  1 nodes.
             Both:        1.06 GB reserved,      52.88 MB (  5%) committed. 

Chunk freelists:
   Non-Class:  144.00 KB
       Class:  9.82 MB
        Both:  9.96 MB

MaxMetaspaceSize: unlimited
CompressedClassSpaceSize: 1.00 GB
Initial GC threshold: 21.00 MB
Current GC threshold: 87.31 MB
CDS: on
MetaspaceReclaimPolicy: balanced
 - commit_granule_bytes: 65536.
 - commit_granule_words: 8192.
 - virtual_space_node_default_size: 8388608.
 - enlarge_chunks_in_place: 1.
 - new_chunks_are_fully_committed: 0.
 - uncommit_free_chunks: 1.
 - use_allocation_guard: 0.
 - handle_deallocations: 1.


Internal statistics:

num_allocs_failed_limit: 6.
num_arena_births: 304.
num_arena_deaths: 0.
num_vsnodes_births: 2.
num_vsnodes_deaths: 0.
num_space_committed: 844.
num_space_uncommitted: 0.
num_chunks_returned_to_freelist: 6.
num_chunks_taken_from_freelist: 2299.
num_chunk_merges: 6.
num_chunk_splits: 1796.
num_chunks_enlarged: 1549.
num_inconsistent_stats: 0.

CodeHeap 'non-profiled nmethods': size=120000Kb used=6026Kb max_used=6026Kb free=113973Kb
 bounds [0x00000128f23f0000, 0x00000128f29e0000, 0x00000128f9920000]
CodeHeap 'profiled nmethods': size=120000Kb used=27566Kb max_used=27566Kb free=92433Kb
 bounds [0x00000128ea920000, 0x00000128ec410000, 0x00000128f1e50000]
CodeHeap 'non-nmethods': size=5760Kb used=1311Kb max_used=1374Kb free=4448Kb
 bounds [0x00000128f1e50000, 0x00000128f20c0000, 0x00000128f23f0000]
 total_blobs=9643 nmethods=9038 adapters=515
 compilation: enabled
              stopped_count=0, restarted_count=0
 full_count=0

Compilation events (20 events):
Event: 33.054 Thread 0x00000128ff8472c0 10417       3       org.jetbrains.kotlin.metadata.jvm.JvmProtoBuf$JvmFieldSignature::getSerializedSize (73 bytes)
Event: 33.055 Thread 0x00000128ff8472c0 nmethod 10417 0x00000128ec3ee490 code [0x00000128ec3ee6c0, 0x00000128ec3eee28]
Event: 33.058 Thread 0x00000128ff8472c0 10418       3       org.jetbrains.kotlin.types.expressions.BasicExpressionTypingVisitor::checkLiteralPrefixAndSuffix (46 bytes)
Event: 33.058 Thread 0x00000128ff8472c0 nmethod 10418 0x00000128ec3ef110 code [0x00000128ec3ef380, 0x00000128ec3efcf8]
Event: 33.062 Thread 0x00000128ff8472c0 10420       3       org.jetbrains.kotlin.resolve.calls.tower.NewResolvedCallImpl::argumentToParameterMap (233 bytes)
Event: 33.065 Thread 0x00000128ff8472c0 nmethod 10420 0x00000128ec3eff90 code [0x00000128ec3f0540, 0x00000128ec3f35f8]
Event: 33.130 Thread 0x00000128ff8472c0 10422       3       org.jetbrains.kotlin.com.intellij.util.ObjectUtils::nullizeIfDefaultValue (20 bytes)
Event: 33.130 Thread 0x00000128ff8472c0 nmethod 10422 0x00000128ec3f4710 code [0x00000128ec3f48c0, 0x00000128ec3f4a88]
Event: 33.143 Thread 0x00000128ff8472c0 10423       3       org.jetbrains.kotlin.synthetic.JavaSyntheticPropertiesScope$SyntheticPropertyHolder$Companion::getEMPTY (4 bytes)
Event: 33.143 Thread 0x00000128ff8472c0 nmethod 10423 0x00000128ec3f4b10 code [0x00000128ec3f4ca0, 0x00000128ec3f4e18]
Event: 33.143 Thread 0x00000128ff8472c0 10424       3       org.jetbrains.kotlin.synthetic.JavaSyntheticPropertiesScope$SyntheticPropertyHolder::access$getEMPTY$cp (4 bytes)
Event: 33.143 Thread 0x00000128ff8472c0 nmethod 10424 0x00000128ec3f4f10 code [0x00000128ec3f50a0, 0x00000128ec3f5198]
Event: 33.146 Thread 0x00000128ff8472c0 10425       3       org.jetbrains.kotlin.resolve.calls.inference.components.NewTypeSubstitutor::substitute (1067 bytes)
Event: 33.154 Thread 0x00000128ff8472c0 nmethod 10425 0x00000128ec3f5210 code [0x00000128ec3f5fa0, 0x00000128ec3ffd88]
Event: 33.154 Thread 0x00000128ff8472c0 10428       3       org.jetbrains.kotlin.resolve.calls.components.ClassicTypeSystemContextForCS::isK2 (5 bytes)
Event: 33.155 Thread 0x00000128ff8472c0 nmethod 10428 0x00000128ec403090 code [0x00000128ec403220, 0x00000128ec403398]
Event: 33.155 Thread 0x00000128ff8472c0 10426       3       org.jetbrains.kotlin.resolve.calls.tower.NewAbstractResolvedCall$getDataFlowInfoForArguments$1::getResultInfo (23 bytes)
Event: 33.155 Thread 0x00000128ff8472c0 nmethod 10426 0x00000128ec403490 code [0x00000128ec403640, 0x00000128ec403888]
Event: 33.155 Thread 0x00000128ff8472c0 10427       3       org.jetbrains.kotlin.psi.KtVisitor::visitCallExpression (16 bytes)
Event: 33.155 Thread 0x00000128ff8472c0 nmethod 10427 0x00000128ec403990 code [0x00000128ec403b40, 0x00000128ec403d98]

GC Heap History (20 events):
Event: 10.821 GC heap before
{Heap before GC invocations=7 (full 0):
 garbage-first heap   total 99328K, used 75493K [0x0000000084200000, 0x0000000100000000)
  region size 1024K, 54 young (55296K), 3 survivors (3072K)
 Metaspace       used 35673K, committed 35904K, reserved 1114112K
  class space    used 4353K, committed 4480K, reserved 1048576K
}
Event: 10.842 GC heap after
{Heap after GC invocations=8 (full 0):
 garbage-first heap   total 99328K, used 27740K [0x0000000084200000, 0x0000000100000000)
  region size 1024K, 7 young (7168K), 7 survivors (7168K)
 Metaspace       used 35673K, committed 35904K, reserved 1114112K
  class space    used 4353K, committed 4480K, reserved 1048576K
}
Event: 10.866 GC heap before
{Heap before GC invocations=8 (full 0):
 garbage-first heap   total 99328K, used 27740K [0x0000000084200000, 0x0000000100000000)
  region size 1024K, 8 young (8192K), 7 survivors (7168K)
 Metaspace       used 35834K, committed 36096K, reserved 1114112K
  class space    used 4375K, committed 4480K, reserved 1048576K
}
Event: 10.881 GC heap after
{Heap after GC invocations=9 (full 0):
 garbage-first heap   total 99328K, used 28770K [0x0000000084200000, 0x0000000100000000)
  region size 1024K, 1 young (1024K), 1 survivors (1024K)
 Metaspace       used 35834K, committed 36096K, reserved 1114112K
  class space    used 4375K, committed 4480K, reserved 1048576K
}
Event: 14.106 GC heap before
{Heap before GC invocations=10 (full 0):
 garbage-first heap   total 99328K, used 73826K [0x0000000084200000, 0x0000000100000000)
  region size 1024K, 45 young (46080K), 1 survivors (1024K)
 Metaspace       used 43694K, committed 43968K, reserved 1114112K
  class space    used 5326K, committed 5440K, reserved 1048576K
}
Event: 14.124 GC heap after
{Heap after GC invocations=11 (full 0):
 garbage-first heap   total 99328K, used 33433K [0x0000000084200000, 0x0000000100000000)
  region size 1024K, 6 young (6144K), 6 survivors (6144K)
 Metaspace       used 43694K, committed 43968K, reserved 1114112K
  class space    used 5326K, committed 5440K, reserved 1048576K
}
Event: 14.216 GC heap before
{Heap before GC invocations=11 (full 0):
 garbage-first heap   total 99328K, used 34457K [0x0000000084200000, 0x0000000100000000)
  region size 1024K, 7 young (7168K), 6 survivors (6144K)
 Metaspace       used 43830K, committed 44032K, reserved 1114112K
  class space    used 5338K, committed 5440K, reserved 1048576K
}
Event: 14.229 GC heap after
{Heap after GC invocations=12 (full 0):
 garbage-first heap   total 99328K, used 33395K [0x0000000084200000, 0x0000000100000000)
  region size 1024K, 1 young (1024K), 1 survivors (1024K)
 Metaspace       used 43830K, committed 44032K, reserved 1114112K
  class space    used 5338K, committed 5440K, reserved 1048576K
}
Event: 17.863 GC heap before
{Heap before GC invocations=12 (full 0):
 garbage-first heap   total 99328K, used 74355K [0x0000000084200000, 0x0000000100000000)
  region size 1024K, 41 young (41984K), 1 survivors (1024K)
 Metaspace       used 47945K, committed 48192K, reserved 1114112K
  class space    used 5765K, committed 5888K, reserved 1048576K
}
Event: 17.888 GC heap after
{Heap after GC invocations=13 (full 0):
 garbage-first heap   total 99328K, used 41474K [0x0000000084200000, 0x0000000100000000)
  region size 1024K, 6 young (6144K), 6 survivors (6144K)
 Metaspace       used 47945K, committed 48192K, reserved 1114112K
  class space    used 5765K, committed 5888K, reserved 1048576K
}
Event: 19.619 GC heap before
{Heap before GC invocations=13 (full 0):
 garbage-first heap   total 99328K, used 74242K [0x0000000084200000, 0x0000000100000000)
  region size 1024K, 38 young (38912K), 6 survivors (6144K)
 Metaspace       used 48390K, committed 48640K, reserved 1114112K
  class space    used 5768K, committed 5888K, reserved 1048576K
}
Event: 19.649 GC heap after
{Heap after GC invocations=14 (full 0):
 garbage-first heap   total 99328K, used 47648K [0x0000000084200000, 0x0000000100000000)
  region size 1024K, 5 young (5120K), 5 survivors (5120K)
 Metaspace       used 48390K, committed 48640K, reserved 1114112K
  class space    used 5768K, committed 5888K, reserved 1048576K
}
Event: 22.521 GC heap before
{Heap before GC invocations=14 (full 0):
 garbage-first heap   total 99328K, used 76320K [0x0000000084200000, 0x0000000100000000)
  region size 1024K, 33 young (33792K), 5 survivors (5120K)
 Metaspace       used 49287K, committed 49536K, reserved 1114112K
  class space    used 5851K, committed 6016K, reserved 1048576K
}
Event: 22.550 GC heap after
{Heap after GC invocations=15 (full 0):
 garbage-first heap   total 99328K, used 52730K [0x0000000084200000, 0x0000000100000000)
  region size 1024K, 5 young (5120K), 5 survivors (5120K)
 Metaspace       used 49287K, committed 49536K, reserved 1114112K
  class space    used 5851K, committed 6016K, reserved 1048576K
}
Event: 25.046 GC heap before
{Heap before GC invocations=15 (full 0):
 garbage-first heap   total 99328K, used 77306K [0x0000000084200000, 0x0000000100000000)
  region size 1024K, 29 young (29696K), 5 survivors (5120K)
 Metaspace       used 50143K, committed 50432K, reserved 1114112K
  class space    used 5897K, committed 6016K, reserved 1048576K
}
Event: 25.067 GC heap after
{Heap after GC invocations=16 (full 0):
 garbage-first heap   total 99328K, used 54272K [0x0000000084200000, 0x0000000100000000)
  region size 1024K, 2 young (2048K), 2 survivors (2048K)
 Metaspace       used 50143K, committed 50432K, reserved 1114112K
  class space    used 5897K, committed 6016K, reserved 1048576K
}
Event: 28.618 GC heap before
{Heap before GC invocations=17 (full 0):
 garbage-first heap   total 99328K, used 77824K [0x0000000084200000, 0x0000000100000000)
  region size 1024K, 26 young (26624K), 2 survivors (2048K)
 Metaspace       used 52355K, committed 52608K, reserved 1114112K
  class space    used 6092K, committed 6208K, reserved 1048576K
}
Event: 28.632 GC heap after
{Heap after GC invocations=18 (full 0):
 garbage-first heap   total 99328K, used 56759K [0x0000000084200000, 0x0000000100000000)
  region size 1024K, 4 young (4096K), 4 survivors (4096K)
 Metaspace       used 52355K, committed 52608K, reserved 1114112K
  class space    used 6092K, committed 6208K, reserved 1048576K
}
Event: 31.196 GC heap before
{Heap before GC invocations=18 (full 0):
 garbage-first heap   total 99328K, used 72119K [0x0000000084200000, 0x0000000100000000)
  region size 1024K, 20 young (20480K), 4 survivors (4096K)
 Metaspace       used 53376K, committed 53632K, reserved 1114112K
  class space    used 6137K, committed 6272K, reserved 1048576K
}
Event: 31.212 GC heap after
{Heap after GC invocations=19 (full 0):
 garbage-first heap   total 99328K, used 58202K [0x0000000084200000, 0x0000000100000000)
  region size 1024K, 2 young (2048K), 2 survivors (2048K)
 Metaspace       used 53376K, committed 53632K, reserved 1114112K
  class space    used 6137K, committed 6272K, reserved 1048576K
}

Deoptimization events (20 events):
Event: 33.031 Thread 0x00000128e1899ba0 Uncommon trap: trap_request=0xffffffc6 fr.pc=0x00000128f295f6e0 relative=0x0000000000003980
Event: 33.031 Thread 0x00000128e1899ba0 Uncommon trap: reason=bimorphic_or_optimized_type_check action=maybe_recompile pc=0x00000128f295f6e0 method=org.jetbrains.kotlin.types.TypeSubstitutor.unsafeSubstitute(Lorg/jetbrains/kotlin/types/TypeProjection;Lorg/jetbrains/kotlin/descriptors/TypeParame
Event: 33.031 Thread 0x00000128e1899ba0 DEOPT PACKING pc=0x00000128f295f6e0 sp=0x0000000afaef9860
Event: 33.032 Thread 0x00000128e1899ba0 DEOPT UNPACKING pc=0x00000128f1ea5ba3 sp=0x0000000afaef9820 mode 2
Event: 33.032 Thread 0x00000128e1899ba0 Uncommon trap: trap_request=0xffffffc6 fr.pc=0x00000128f295f6e0 relative=0x0000000000003980
Event: 33.032 Thread 0x00000128e1899ba0 Uncommon trap: reason=bimorphic_or_optimized_type_check action=maybe_recompile pc=0x00000128f295f6e0 method=org.jetbrains.kotlin.types.TypeSubstitutor.unsafeSubstitute(Lorg/jetbrains/kotlin/types/TypeProjection;Lorg/jetbrains/kotlin/descriptors/TypeParame
Event: 33.032 Thread 0x00000128e1899ba0 DEOPT PACKING pc=0x00000128f295f6e0 sp=0x0000000afaef9950
Event: 33.032 Thread 0x00000128e1899ba0 DEOPT UNPACKING pc=0x00000128f1ea5ba3 sp=0x0000000afaef9910 mode 2
Event: 33.036 Thread 0x00000128e1899ba0 Uncommon trap: trap_request=0xffffff45 fr.pc=0x00000128f297b37c relative=0x00000000000013dc
Event: 33.036 Thread 0x00000128e1899ba0 Uncommon trap: reason=unstable_if action=reinterpret pc=0x00000128f297b37c method=org.jetbrains.kotlin.types.TypeAttributes.add(Lorg/jetbrains/kotlin/types/TypeAttributes;)Lorg/jetbrains/kotlin/types/TypeAttributes; @ 14 c2
Event: 33.036 Thread 0x00000128e1899ba0 DEOPT PACKING pc=0x00000128f297b37c sp=0x0000000afaefab40
Event: 33.036 Thread 0x00000128e1899ba0 DEOPT UNPACKING pc=0x00000128f1ea5ba3 sp=0x0000000afaefa9d8 mode 2
Event: 33.136 Thread 0x00000128e1899ba0 Uncommon trap: trap_request=0xffffffc6 fr.pc=0x00000128f298e250 relative=0x0000000000002770
Event: 33.136 Thread 0x00000128e1899ba0 Uncommon trap: reason=bimorphic_or_optimized_type_check action=maybe_recompile pc=0x00000128f298e250 method=org.jetbrains.kotlin.resolve.descriptorUtil.AnnotationsForResolveUtilsKt.hasNoInferAnnotation(Lorg/jetbrains/kotlin/types/KotlinType;)Z @ 13 c2
Event: 33.136 Thread 0x00000128e1899ba0 DEOPT PACKING pc=0x00000128f298e250 sp=0x0000000afaefabd0
Event: 33.136 Thread 0x00000128e1899ba0 DEOPT UNPACKING pc=0x00000128f1ea5ba3 sp=0x0000000afaefa740 mode 2
Event: 33.153 Thread 0x00000128e1899ba0 Uncommon trap: trap_request=0xffffffc6 fr.pc=0x00000128f298e250 relative=0x0000000000002770
Event: 33.153 Thread 0x00000128e1899ba0 Uncommon trap: reason=bimorphic_or_optimized_type_check action=maybe_recompile pc=0x00000128f298e250 method=org.jetbrains.kotlin.resolve.descriptorUtil.AnnotationsForResolveUtilsKt.hasNoInferAnnotation(Lorg/jetbrains/kotlin/types/KotlinType;)Z @ 13 c2
Event: 33.153 Thread 0x00000128e1899ba0 DEOPT PACKING pc=0x00000128f298e250 sp=0x0000000afaefabd0
Event: 33.154 Thread 0x00000128e1899ba0 DEOPT UNPACKING pc=0x00000128f1ea5ba3 sp=0x0000000afaefa740 mode 2

Classes unloaded (0 events):
No events

Classes redefined (0 events):
No events

Internal exceptions (20 events):
Event: 13.823 Thread 0x00000128e1899ba0 Exception <a 'java/lang/NoSuchMethodError'{0x0000000087855bf8}: 'java.lang.Object java.lang.invoke.DirectMethodHandle$Holder.newInvokeSpecial(java.lang.Object, java.lang.Object, java.lang.Object, java.lang.Object, int)'> (0x0000000087855bf8) 
thrown [s\open\src\hotspot\share\interpreter\linkResolver.cpp, line 759]
Event: 13.824 Thread 0x00000128e1899ba0 Exception <a 'java/lang/NoSuchMethodError'{0x000000008785a1d8}: 'java.lang.Object java.lang.invoke.DirectMethodHandle$Holder.invokeSpecial(java.lang.Object, java.lang.Object, java.lang.Object, java.lang.Object, java.lang.Object, int)'> (0x000000008785a1d8) 
thrown [s\open\src\hotspot\share\interpreter\linkResolver.cpp, line 759]
Event: 13.824 Thread 0x00000128e1899ba0 Exception <a 'java/lang/NoSuchMethodError'{0x000000008785e168}: 'java.lang.Object java.lang.invoke.Invokers$Holder.linkToTargetMethod(java.lang.Object, java.lang.Object, java.lang.Object, int, java.lang.Object)'> (0x000000008785e168) 
thrown [s\open\src\hotspot\share\interpreter\linkResolver.cpp, line 759]
Event: 13.996 Thread 0x00000128e1899ba0 Exception <a 'java/lang/NoSuchMethodError'{0x000000008779f2d0}: 'void java.lang.invoke.DirectMethodHandle$Holder.invokeInterface(java.lang.Object, java.lang.Object)'> (0x000000008779f2d0) 
thrown [s\open\src\hotspot\share\interpreter\linkResolver.cpp, line 759]
Event: 14.455 Thread 0x00000128e1899ba0 Exception <a 'java/lang/NoSuchMethodError'{0x0000000089e61148}: 'java.lang.Object java.lang.invoke.DirectMethodHandle$Holder.newInvokeSpecial(java.lang.Object, int, java.lang.Object)'> (0x0000000089e61148) 
thrown [s\open\src\hotspot\share\interpreter\linkResolver.cpp, line 759]
Event: 14.457 Thread 0x00000128e1899ba0 Exception <a 'java/lang/NoSuchMethodError'{0x0000000089e673c0}: 'int java.lang.invoke.DirectMethodHandle$Holder.invokeInterface(java.lang.Object, java.lang.Object)'> (0x0000000089e673c0) 
thrown [s\open\src\hotspot\share\interpreter\linkResolver.cpp, line 759]
Event: 15.387 Thread 0x00000128e1899ba0 Exception <a 'java/lang/IncompatibleClassChangeError'{0x000000008958b928}: Found class java.lang.Object, but interface was expected> (0x000000008958b928) 
thrown [s\open\src\hotspot\share\interpreter\linkResolver.cpp, line 826]
Event: 15.839 Thread 0x00000128e1899ba0 Exception <a 'java/lang/NoSuchMethodError'{0x00000000890af6d0}: 'java.lang.Object java.lang.invoke.DirectMethodHandle$Holder.invokeSpecial(java.lang.Object, java.lang.Object, java.lang.Object, java.lang.Object, java.lang.Object, java.lang.Object, int)'> (0x00000000890af6d0) 
thrown [s\open\src\hotspot\share\interpreter\linkResolver.cpp, line 759]
Event: 16.317 Thread 0x00000128e1899ba0 Exception <a 'java/lang/NoSuchMethodError'{0x0000000088a63ce0}: 'java.lang.Object java.lang.invoke.DirectMethodHandle$Holder.newInvokeSpecial(java.lang.Object, int, java.lang.Object, java.lang.Object)'> (0x0000000088a63ce0) 
thrown [s\open\src\hotspot\share\interpreter\linkResolver.cpp, line 759]
Event: 16.318 Thread 0x00000128e1899ba0 Exception <a 'java/lang/NoSuchMethodError'{0x0000000088a68430}: 'java.lang.Object java.lang.invoke.DirectMethodHandle$Holder.invokeSpecial(java.lang.Object, java.lang.Object, int, java.lang.Object, java.lang.Object)'> (0x0000000088a68430) 
thrown [s\open\src\hotspot\share\interpreter\linkResolver.cpp, line 759]
Event: 16.464 Thread 0x00000128e1899ba0 Exception <a 'java/lang/NoSuchMethodError'{0x000000008898b2f8}: 'int java.lang.invoke.DirectMethodHandle$Holder.invokeStaticInit(java.lang.Object, int)'> (0x000000008898b2f8) 
thrown [s\open\src\hotspot\share\interpreter\linkResolver.cpp, line 759]
Event: 17.136 Thread 0x00000128e1899ba0 Exception <a 'java/lang/NoSuchMethodError'{0x000000008823d448}: 'java.lang.Object java.lang.invoke.DirectMethodHandle$Holder.invokeStatic(java.lang.Object, int, java.lang.Object)'> (0x000000008823d448) 
thrown [s\open\src\hotspot\share\interpreter\linkResolver.cpp, line 759]
Event: 22.196 Thread 0x00000128e1899ba0 Exception <a 'java/lang/NoSuchMethodError'{0x0000000088b94df8}: 'java.lang.Object java.lang.invoke.DirectMethodHandle$Holder.invokeInterface(java.lang.Object, java.lang.Object, java.lang.Object)'> (0x0000000088b94df8) 
thrown [s\open\src\hotspot\share\interpreter\linkResolver.cpp, line 759]
Event: 22.197 Thread 0x00000128e1899ba0 Exception <a 'java/lang/IncompatibleClassChangeError'{0x0000000088b98768}: Found class java.lang.Object, but interface was expected> (0x0000000088b98768) 
thrown [s\open\src\hotspot\share\interpreter\linkResolver.cpp, line 826]
Event: 22.629 Thread 0x00000128e1899ba0 Exception <a 'java/lang/NoSuchMethodError'{0x0000000089cb20b8}: 'java.lang.Object java.lang.invoke.DirectMethodHandle$Holder.newInvokeSpecial(java.lang.Object, java.lang.Object, java.lang.Object, java.lang.Object, java.lang.Object, java.lang.Object, java.lang.Object)'> (0x0000000089cb20b8) 
thrown [s\open\src\hotspot\share\interpreter\linkResolver.cpp, line 759]
Event: 22.629 Thread 0x00000128e1899ba0 Exception <a 'java/lang/NoSuchMethodError'{0x0000000089cb6c70}: 'java.lang.Object java.lang.invoke.Invokers$Holder.linkToTargetMethod(java.lang.Object, java.lang.Object, java.lang.Object, java.lang.Object, java.lang.Object, java.lang.Object, java.lang.Object)'> (0x0000000089cb6c70) 
thrown [s\open\src\hotspot\share\interpreter\linkResolver.cpp, line 759]
Event: 25.698 Thread 0x00000128e1899ba0 Implicit null exception at 0x00000128f2802ac3 to 0x00000128f2802d69
Event: 27.279 Thread 0x00000128e1899ba0 Implicit null exception at 0x00000128f2805a37 to 0x00000128f2808c0c
Event: 27.544 Thread 0x00000128e1899ba0 Implicit null exception at 0x00000128f287cfad to 0x00000128f287d8fc
Event: 31.660 Thread 0x00000128e1899ba0 Implicit null exception at 0x00000128f294602c to 0x00000128f29460f0

VM Operations (20 events):
Event: 30.925 Executing VM operation: HandshakeAllThreads
Event: 30.925 Executing VM operation: HandshakeAllThreads done
Event: 31.196 Executing VM operation: G1TryInitiateConcMark
Event: 31.212 Executing VM operation: G1TryInitiateConcMark done
Event: 31.290 Executing VM operation: G1Concurrent
Event: 31.320 Executing VM operation: G1Concurrent done
Event: 31.352 Executing VM operation: G1Concurrent
Event: 31.353 Executing VM operation: G1Concurrent done
Event: 31.647 Executing VM operation: ICBufferFull
Event: 31.647 Executing VM operation: ICBufferFull done
Event: 32.416 Executing VM operation: ICBufferFull
Event: 32.416 Executing VM operation: ICBufferFull done
Event: 32.649 Executing VM operation: HandshakeAllThreads
Event: 32.649 Executing VM operation: HandshakeAllThreads done
Event: 32.792 Executing VM operation: HandshakeAllThreads
Event: 32.792 Executing VM operation: HandshakeAllThreads done
Event: 32.794 Executing VM operation: HandshakeAllThreads
Event: 32.794 Executing VM operation: HandshakeAllThreads done
Event: 33.033 Executing VM operation: ICBufferFull
Event: 33.033 Executing VM operation: ICBufferFull done

Events (20 events):
Event: 25.944 Thread 0x00000128ff84a800 flushing nmethod 0x00000128ebbfa310
Event: 25.946 Thread 0x00000128ff84a800 flushing nmethod 0x00000128ebdb5710
Event: 26.164 Thread 0x00000128c9664dd0 Thread exited: 0x00000128c9664dd0
Event: 26.164 Thread 0x00000128c96652f0 Thread exited: 0x00000128c96652f0
Event: 27.042 loading class java/lang/Short$ShortCache
Event: 27.043 loading class java/lang/Short$ShortCache done
Event: 27.204 Thread 0x00000128c8dc6640 Thread added: 0x00000128c8dc6640
Event: 27.342 Thread 0x00000128c84b0a90 Thread added: 0x00000128c84b0a90
Event: 27.529 Thread 0x00000128c84b0a90 Thread exited: 0x00000128c84b0a90
Event: 27.530 Thread 0x00000128c8dc6640 Thread exited: 0x00000128c8dc6640
Event: 27.759 Thread 0x00000128c84b0a90 Thread added: 0x00000128c84b0a90
Event: 28.539 Thread 0x00000128c7e732b0 Thread added: 0x00000128c7e732b0
Event: 29.274 loading class jdk/internal/math/FloatingDecimal$ASCIIToBinaryBuffer
Event: 29.450 loading class jdk/internal/math/FloatingDecimal$ASCIIToBinaryBuffer done
Event: 30.150 Thread 0x00000128c7e732b0 Thread exited: 0x00000128c7e732b0
Event: 30.151 Thread 0x00000128c84b0a90 Thread exited: 0x00000128c84b0a90
Event: 30.279 Thread 0x00000128ff84a800 flushing nmethod 0x00000128eb413f10
Event: 30.296 Thread 0x00000128ca6d4880 Thread added: 0x00000128ca6d4880
Event: 31.505 Thread 0x00000128ca6d4880 Thread exited: 0x00000128ca6d4880
Event: 31.826 Thread 0x00000128ca5b70d0 Thread added: 0x00000128ca5b70d0


Dynamic libraries:
0x00007ff77cab0000 - 0x00007ff77cac0000 	C:\Program Files\Java\jdk-17\bin\java.exe
0x00007ffed8930000 - 0x00007ffed8b47000 	C:\WINDOWS\SYSTEM32\ntdll.dll
0x00007ffed6640000 - 0x00007ffed6704000 	C:\WINDOWS\System32\KERNEL32.DLL
0x00007ffed5c10000 - 0x00007ffed5fca000 	C:\WINDOWS\System32\KERNELBASE.dll
0x00007ffed61f0000 - 0x00007ffed6301000 	C:\WINDOWS\System32\ucrtbase.dll
0x00007ffecd8a0000 - 0x00007ffecd8b9000 	C:\Program Files\Java\jdk-17\bin\jli.dll
0x00007ffeb44a0000 - 0x00007ffeb44bb000 	C:\Program Files\Java\jdk-17\bin\VCRUNTIME140.dll
0x00007ffed8830000 - 0x00007ffed88e2000 	C:\WINDOWS\System32\ADVAPI32.dll
0x00007ffed7950000 - 0x00007ffed79f7000 	C:\WINDOWS\System32\msvcrt.dll
0x00007ffed6de0000 - 0x00007ffed6e87000 	C:\WINDOWS\System32\sechost.dll
0x00007ffed6590000 - 0x00007ffed65b8000 	C:\WINDOWS\System32\bcrypt.dll
0x00007ffed6e90000 - 0x00007ffed6fa4000 	C:\WINDOWS\System32\RPCRT4.dll
0x00007ffed7a00000 - 0x00007ffed7bae000 	C:\WINDOWS\System32\USER32.dll
0x00007ffed6140000 - 0x00007ffed6166000 	C:\WINDOWS\System32\win32u.dll
0x00007ffebc7c0000 - 0x00007ffebca52000 	C:\WINDOWS\WinSxS\amd64_microsoft.windows.common-controls_6595b64144ccf1df_6.0.22621.4541_none_2710d1c57384c085\COMCTL32.dll
0x00007ffed6a80000 - 0x00007ffed6aa9000 	C:\WINDOWS\System32\GDI32.dll
0x00007ffed63d0000 - 0x00007ffed64eb000 	C:\WINDOWS\System32\gdi32full.dll
0x00007ffed64f0000 - 0x00007ffed658a000 	C:\WINDOWS\System32\msvcp_win.dll
0x00007ffed3730000 - 0x00007ffed373a000 	C:\WINDOWS\SYSTEM32\VERSION.dll
0x00007ffed8670000 - 0x00007ffed86a1000 	C:\WINDOWS\System32\IMM32.DLL
0x00007ffecd890000 - 0x00007ffecd89c000 	C:\Program Files\Java\jdk-17\bin\vcruntime140_1.dll
0x00007ffe57dc0000 - 0x00007ffe57e4e000 	C:\Program Files\Java\jdk-17\bin\msvcp140.dll
0x00007ffe43860000 - 0x00007ffe44440000 	C:\Program Files\Java\jdk-17\bin\server\jvm.dll
0x00007ffed75b0000 - 0x00007ffed75b8000 	C:\WINDOWS\System32\PSAPI.DLL
0x00007ffeccbf0000 - 0x00007ffeccbf9000 	C:\WINDOWS\SYSTEM32\WSOCK32.dll
0x00007ffecc7b0000 - 0x00007ffecc7e4000 	C:\WINDOWS\SYSTEM32\WINMM.dll
0x00007ffed6710000 - 0x00007ffed6781000 	C:\WINDOWS\System32\WS2_32.dll
0x00007ffed4d40000 - 0x00007ffed4d58000 	C:\WINDOWS\SYSTEM32\kernel.appcore.dll
0x00007ffeb4490000 - 0x00007ffeb449a000 	C:\Program Files\Java\jdk-17\bin\jimage.dll
0x00007ffed3050000 - 0x00007ffed3282000 	C:\WINDOWS\SYSTEM32\DBGHELP.DLL
0x00007ffed75c0000 - 0x00007ffed794f000 	C:\WINDOWS\System32\combase.dll
0x00007ffed69a0000 - 0x00007ffed6a77000 	C:\WINDOWS\System32\OLEAUT32.dll
0x00007ffec91c0000 - 0x00007ffec91f2000 	C:\WINDOWS\SYSTEM32\dbgcore.DLL
0x00007ffed65c0000 - 0x00007ffed663b000 	C:\WINDOWS\System32\bcryptPrimitives.dll
0x00007ffe84d60000 - 0x00007ffe84d85000 	C:\Program Files\Java\jdk-17\bin\java.dll
0x00007ffe57ce0000 - 0x00007ffe57db7000 	C:\Program Files\Java\jdk-17\bin\jsvml.dll
0x00007ffed7dd0000 - 0x00007ffed8648000 	C:\WINDOWS\System32\SHELL32.dll
0x00007ffed3b10000 - 0x00007ffed4418000 	C:\WINDOWS\SYSTEM32\windows.storage.dll
0x00007ffed39d0000 - 0x00007ffed3b0f000 	C:\WINDOWS\SYSTEM32\wintypes.dll
0x00007ffed7000000 - 0x00007ffed70fa000 	C:\WINDOWS\System32\SHCORE.dll
0x00007ffed6ab0000 - 0x00007ffed6b0e000 	C:\WINDOWS\System32\shlwapi.dll
0x00007ffed5b40000 - 0x00007ffed5b6b000 	C:\WINDOWS\SYSTEM32\profapi.dll
0x00007ffe843a0000 - 0x00007ffe843b9000 	C:\Program Files\Java\jdk-17\bin\net.dll
0x00007ffecf600000 - 0x00007ffecf736000 	C:\WINDOWS\SYSTEM32\WINHTTP.dll
0x00007ffed51c0000 - 0x00007ffed5229000 	C:\WINDOWS\system32\mswsock.dll
0x00007ffe84380000 - 0x00007ffe84396000 	C:\Program Files\Java\jdk-17\bin\nio.dll
0x00007ffe57cc0000 - 0x00007ffe57cd8000 	C:\Program Files\Java\jdk-17\bin\zip.dll
0x00007ffec0f20000 - 0x00007ffec0f30000 	C:\Program Files\Java\jdk-17\bin\verify.dll

dbghelp: loaded successfully - version: 4.0.5 - missing functions: none
symbol engine: initialized successfully - sym options: 0x614 - pdb path: .;C:\Program Files\Java\jdk-17\bin;C:\WINDOWS\SYSTEM32;C:\WINDOWS\WinSxS\amd64_microsoft.windows.common-controls_6595b64144ccf1df_6.0.22621.4541_none_2710d1c57384c085;C:\Program Files\Java\jdk-17\bin\server

VM Arguments:
java_command: org.jetbrains.kotlin.cli.jvm.K2JVMCompiler @C:\Users\DELL\mobile-App-v4\node_modules\react-native-gesture-handler\android\build\20241210_2939986456376708232.compiler.options
java_class_path (initial): C:\Users\DELL\.gradle\caches\modules-2\files-2.1\org.jetbrains.kotlin\kotlin-compiler-embeddable\1.9.24\78dab849090e6c5e2eadb6e59a11cdc28fb67a08\kotlin-compiler-embeddable-1.9.24.jar;C:\Users\DELL\.gradle\caches\modules-2\files-2.1\org.jetbrains.kotlin\kotlin-stdlib\1.9.24\9928532f12c66ad816a625b3f9984f8368ca6d2b\kotlin-stdlib-1.9.24.jar;C:\Users\DELL\.gradle\caches\modules-2\files-2.1\org.jetbrains.kotlin\kotlin-script-runtime\1.9.24\96771497da90fbc5af1c90fce148db2595a62502\kotlin-script-runtime-1.9.24.jar;C:\Users\DELL\.gradle\caches\modules-2\files-2.1\org.jetbrains.kotlin\kotlin-reflect\1.6.10\1cbe9c92c12a94eea200d23c2bbaedaf3daf5132\kotlin-reflect-1.6.10.jar;C:\Users\DELL\.gradle\caches\modules-2\files-2.1\org.jetbrains.kotlin\kotlin-daemon-embeddable\1.9.24\86685b9c5e8d170925bd9ddbdc263374a6a73281\kotlin-daemon-embeddable-1.9.24.jar;C:\Users\DELL\.gradle\caches\modules-2\files-2.1\org.jetbrains.intellij.deps\trove4j\1.0.20200330\3afb14d5f9ceb459d724e907a21145e8ff394f02\trove4j-1.0.20200330.jar;C:\Users\DELL\.gradle\caches\modules-2\files-2.1\org.jetbrains\annotations\13.0\919f0dfe192fb4e063e7dacadee7f8bb9a2672a9\annotations-13.0.jar
Launcher Type: SUN_STANDARD

[Global flags]
     intx CICompilerCount                          = 4                                         {product} {ergonomic}
     uint ConcGCThreads                            = 2                                         {product} {ergonomic}
     uint G1ConcRefinementThreads                  = 8                                         {product} {ergonomic}
   size_t G1HeapRegionSize                         = 1048576                                   {product} {ergonomic}
    uintx GCDrainStackTargetSize                   = 64                                        {product} {ergonomic}
   size_t InitialHeapSize                          = 130023424                                 {product} {ergonomic}
   size_t MarkStackSize                            = 4194304                                   {product} {ergonomic}
   size_t MaxHeapSize                              = 2078277632                                {product} {ergonomic}
   size_t MaxNewSize                               = 1246756864                                {product} {ergonomic}
   size_t MinHeapDeltaBytes                        = 1048576                                   {product} {ergonomic}
   size_t MinHeapSize                              = 8388608                                   {product} {ergonomic}
    uintx NonNMethodCodeHeapSize                   = 5839372                                {pd product} {ergonomic}
    uintx NonProfiledCodeHeapSize                  = 122909434                              {pd product} {ergonomic}
    uintx ProfiledCodeHeapSize                     = 122909434                              {pd product} {ergonomic}
    uintx ReservedCodeCacheSize                    = 251658240                              {pd product} {ergonomic}
     bool SegmentedCodeCache                       = true                                      {product} {ergonomic}
   size_t SoftMaxHeapSize                          = 2078277632                             {manageable} {ergonomic}
     bool UseCompressedClassPointers               = true                           {product lp64_product} {ergonomic}
     bool UseCompressedOops                        = true                           {product lp64_product} {ergonomic}
     bool UseG1GC                                  = true                                      {product} {ergonomic}
     bool UseLargePagesIndividualAllocation        = false                                  {pd product} {ergonomic}

Logging:
Log output configuration:
 #0: stdout all=warning uptime,level,tags
 #1: stderr all=off uptime,level,tags

Environment Variables:
JAVA_HOME=C:\Program Files\Java\jdk-17
CLASSPATH=C:\Users\DELL\mobile-App-v4\android\\gradle\wrapper\gradle-wrapper.jar
PATH=C:\Users\DELL\mobile-App-v4\node_modules\.bin;C:\Users\DELL\mobile-App-v4\node_modules\.bin;C:\Users\DELL\node_modules\.bin;C:\Users\node_modules\.bin;C:\node_modules\.bin;C:\Users\DELL\AppData\Roaming\npm\node_modules\npm\node_modules\@npmcli\run-script\lib\node-gyp-bin;C:\Program Files\FireDaemon OpenSSL 3\bin\;C:\Program Files\Microsoft\jdk-17.0.11.9-hotspot\bin;C:\Program Files\Microsoft\jdk-11.0.23.9-hotspot\bin;C:\Program Files\OpenLogic\jdk-11.0.23.9-hotspot\bin;C:\Program Files\Common Files\Oracle\Java\javapath;C:\Python312\Scripts\;C:\Python312\;C:\Program Files\Python311\Scripts\;C:\Program Files\Python311\;C:\Windows\system32;C:\Windows;C:\Windows\System32\Wbem;C:\Windows\System32\WindowsPowerShell\v1.0\;C:\Windows\System32\OpenSSH\;C:\Program Files\NVIDIA Corporation\NVIDIA NvDLISR;C:\Program Files\dotnet\;C:\Program Files (x86)\NVIDIA Corporation\PhysX\Common;C:\WINDOWS\system32;C:\WINDOWS;C:\WINDOWS\System32\Wbem;C:\WINDOWS\System32\WindowsPowerShell\v1.0\;C:\WINDOWS\System32\OpenSSH\;C:\MinGW\bin;C:\ProgramData\chocolatey\bin;C:\Program Files\Git\cmd;C:\xampp\php;C:\ProgramData\ComposerSetup\bin;C:\Users\DELL\anaconda3;C:\Users\DELL\anaconda3\Scripts;C:\Users\DELL\AppData\Roaming\nvm;C:\Users\DELL\AppData\Local\Android\Sdk;C:\Users\DELL\AppData\Local\Android\Sdk\platform-tools;C:\Program Files\Docker\Docker\resources\bin;D:\Download Folder\sratoolkit.current-win64\sratoolkit.3.1.1-win64\bin;D:\Download Folder\v0.12.1 source code\s-andrews-FastQC-e7ef390;D:\Download Folder\fastqc_v0.12.1\FastQC;C:\Users\DELL\FastQC;C:\Users\DELL\AppData\Local\Android\Sdk\cmake\3.22.1\bin;C:\Users\DELL\AppData\Local\Android\Sdk\ndk\26.1.10909125;C:\Program Files\MongoDB\Server\8.0\bin;C:\Users\DELL\AppData\Local\Programs\mongosh;C:\Program Files\nodejs\;C:\Users\DELL\AppData\Local\Microsoft\WindowsApps;C:\Users\DELL\AppData\Local\Programs\Microsoft VS Code\bin;C:\Users\DELL\AppData\Roaming\Composer\vendor\bin;C:\Users\DELL\AppData\Local\Programs\MiKTeX\miktex\bin\x64\
USERNAME=DELL
OS=Windows_NT
PROCESSOR_IDENTIFIER=Intel64 Family 6 Model 140 Stepping 1, GenuineIntel



---------------  S Y S T E M  ---------------

OS:
 Windows 11 , 64 bit Build 22621 (10.0.22621.4391)
OS uptime: 0 days 2:06 hours
Hyper-V role detected

CPU: total 8 (initial active 8) (4 cores per cpu, 2 threads per core) family 6 model 140 stepping 1 microcode 0xb8, cx8, cmov, fxsr, ht, mmx, 3dnowpref, sse, sse2, sse3, ssse3, sse4.1, sse4.2, popcnt, lzcnt, tsc, tscinvbit, avx, avx2, aes, erms, clmul, bmi1, bmi2, adx, avx512f, avx512dq, avx512cd, avx512bw, avx512vl, sha, fma, vzeroupper, avx512_vpopcntdq, avx512_vpclmulqdq, avx512_vaes, avx512_vnni, clflush, clflushopt, clwb, avx512_vbmi2, avx512_vbmi, hv

Memory: 4k page, system-wide physical 7926M (480M free)
TotalPageFile size 19183M (AvailPageFile size 8M)
current process WorkingSet (physical memory assigned to process): 285M, peak: 299M
current process commit charge ("private bytes"): 325M, peak: 339M

vm_info: Java HotSpot(TM) 64-Bit Server VM (17.0.11+7-LTS-207) for windows-amd64 JRE (17.0.11+7-LTS-207), built on Mar 11 2024 19:01:50 by "mach5one" with MS VC++ 17.6 (VS2022)

END.
