#
# There is insufficient memory for the Java Runtime Environment to continue.
# Native memory allocation (malloc) failed to allocate 363296 bytes for Chunk::new
# Possible reasons:
#   The system is out of physical RAM or swap space
#   The process is running with CompressedOops enabled, and the Java Heap may be blocking the growth of the native heap
# Possible solutions:
#   Reduce memory load on the system
#   Increase physical memory or swap space
#   Check if swap backing store is full
#   Decrease Java heap size (-Xmx/-Xms)
#   Decrease number of Java threads
#   Decrease Java thread stack sizes (-Xss)
#   Set larger code cache with -XX:ReservedCodeCacheSize=
#   JVM is running with Unscaled Compressed Oops mode in which the Java heap is
#     placed in the first 4GB address space. The Java Heap base address is the
#     maximum limit for the native heap growth. Please use -XX:HeapBaseMinAddress
#     to set the Java Heap base and to place the Java Heap above 4GB virtual address.
# This output file may be truncated or incomplete.
#
#  Out of Memory Error (arena.cpp:189), pid=20844, tid=19472
#
# JRE version: Java(TM) SE Runtime Environment (17.0.11+7) (build 17.0.11+7-LTS-207)
# Java VM: Java HotSpot(TM) 64-Bit Server VM (17.0.11+7-LTS-207, mixed mode, sharing, tiered, compressed oops, compressed class ptrs, g1 gc, windows-amd64)
# No core dump will be written. Minidumps are not enabled by default on client versions of Windows
#

---------------  S U M M A R Y ------------

Command Line: -Xmx64m -Xms64m -Dorg.gradle.appname=gradlew org.gradle.wrapper.GradleWrapperMain app:installDebug -PreactNativeDevServerPort=8081

Host: 11th Gen Intel(R) Core(TM) i5-1135G7 @ 2.40GHz, 8 cores, 7G,  Windows 11 , 64 bit Build 22621 (10.0.22621.4391)
Time: Mon Dec  9 18:11:15 2024 India Standard Time elapsed time: 2.706168 seconds (0d 0h 0m 2s)

---------------  T H R E A D  ---------------

Current thread (0x0000029cd052c8b0):  JavaThread "C2 CompilerThread0" daemon [_thread_in_native, id=19472, stack(0x000000e6cbe00000,0x000000e6cbf00000)]


Current CompileTask:
C2:   2706  904   !   4       jdk.internal.loader.URLClassPath$JarLoader::getResource (354 bytes)

Stack: [0x000000e6cbe00000,0x000000e6cbf00000]
Native frames: (J=compiled Java code, j=interpreted, Vv=VM code, C=native code)
V  [jvm.dll+0x679cca]
V  [jvm.dll+0x7da13d]
V  [jvm.dll+0x7dba83]
V  [jvm.dll+0x7dc0f3]
V  [jvm.dll+0x2449af]
V  [jvm.dll+0xab83b]
V  [jvm.dll+0xabe1c]
V  [jvm.dll+0x2a9e6f]
V  [jvm.dll+0x5818d9]
V  [jvm.dll+0x21ed62]
V  [jvm.dll+0x21f13f]
V  [jvm.dll+0x218331]
V  [jvm.dll+0x215505]
V  [jvm.dll+0x1a2040]
V  [jvm.dll+0x225a2b]
V  [jvm.dll+0x223bcb]
V  [jvm.dll+0x7903ec]
V  [jvm.dll+0x78a85a]
V  [jvm.dll+0x678bb5]
C  [ucrtbase.dll+0x29333]
C  [KERNEL32.DLL+0x1259d]
C  [ntdll.dll+0x5af38]


---------------  P R O C E S S  ---------------

Threads class SMR info:
_java_thread_list=0x0000029cee01f200, length=12, elements={
0x0000029cd04684c0, 0x0000029cd050e470, 0x0000029cd050f030, 0x0000029cd0522d90,
0x0000029cd0528780, 0x0000029cd052b150, 0x0000029cd052bb10, 0x0000029cd052c8b0,
0x0000029cd052d770, 0x0000029ce9c64b10, 0x0000029cee048110, 0x0000029cee04b030
}

Java Threads: ( => current thread )
  0x0000029cd04684c0 JavaThread "main" [_thread_in_vm, id=11136, stack(0x000000e6cb100000,0x000000e6cb200000)]
  0x0000029cd050e470 JavaThread "Reference Handler" daemon [_thread_blocked, id=20364, stack(0x000000e6cb800000,0x000000e6cb900000)]
  0x0000029cd050f030 JavaThread "Finalizer" daemon [_thread_blocked, id=5720, stack(0x000000e6cb900000,0x000000e6cba00000)]
  0x0000029cd0522d90 JavaThread "Signal Dispatcher" daemon [_thread_blocked, id=14264, stack(0x000000e6cba00000,0x000000e6cbb00000)]
  0x0000029cd0528780 JavaThread "Attach Listener" daemon [_thread_blocked, id=15432, stack(0x000000e6cbb00000,0x000000e6cbc00000)]
  0x0000029cd052b150 JavaThread "Service Thread" daemon [_thread_blocked, id=15904, stack(0x000000e6cbc00000,0x000000e6cbd00000)]
  0x0000029cd052bb10 JavaThread "Monitor Deflation Thread" daemon [_thread_blocked, id=20692, stack(0x000000e6cbd00000,0x000000e6cbe00000)]
=>0x0000029cd052c8b0 JavaThread "C2 CompilerThread0" daemon [_thread_in_native, id=19472, stack(0x000000e6cbe00000,0x000000e6cbf00000)]
  0x0000029cd052d770 JavaThread "C1 CompilerThread0" daemon [_thread_in_native, id=16916, stack(0x000000e6cbf00000,0x000000e6cc000000)]
  0x0000029ce9c64b10 JavaThread "Sweeper thread" daemon [_thread_blocked, id=18760, stack(0x000000e6cc000000,0x000000e6cc100000)]
  0x0000029cee048110 JavaThread "Notification Thread" daemon [_thread_blocked, id=9400, stack(0x000000e6cc100000,0x000000e6cc200000)]
  0x0000029cee04b030 JavaThread "Common-Cleaner" daemon [_thread_blocked, id=5388, stack(0x000000e6cc300000,0x000000e6cc400000)]

Other Threads:
  0x0000029cd0508410 VMThread "VM Thread" [stack: 0x000000e6cb700000,0x000000e6cb800000] [id=6320]
  0x0000029cee04ada0 WatcherThread [stack: 0x000000e6cc200000,0x000000e6cc300000] [id=6896]
  0x0000029cd0488dc0 GCTaskThread "GC Thread#0" [stack: 0x000000e6cb200000,0x000000e6cb300000] [id=1036]
  0x0000029cee69d410 GCTaskThread "GC Thread#1" [stack: 0x000000e6cc400000,0x000000e6cc500000] [id=5100]
  0x0000029cee693060 GCTaskThread "GC Thread#2" [stack: 0x000000e6cc500000,0x000000e6cc600000] [id=1760]
  0x0000029cee21a240 GCTaskThread "GC Thread#3" [stack: 0x000000e6cc600000,0x000000e6cc700000] [id=11288]
  0x0000029cd048a510 ConcurrentGCThread "G1 Main Marker" [stack: 0x000000e6cb300000,0x000000e6cb400000] [id=22176]
  0x0000029cd048bf30 ConcurrentGCThread "G1 Conc#0" [stack: 0x000000e6cb400000,0x000000e6cb500000] [id=21780]
  0x0000029cd04e9010 ConcurrentGCThread "G1 Refine#0" [stack: 0x000000e6cb500000,0x000000e6cb600000] [id=19544]
  0x0000029cd04eba60 ConcurrentGCThread "G1 Service" [stack: 0x000000e6cb600000,0x000000e6cb700000] [id=14176]

Threads with active compile tasks:
C2 CompilerThread0     2738  904   !   4       jdk.internal.loader.URLClassPath$JarLoader::getResource (354 bytes)
C1 CompilerThread0     2738  913   !   3       java.util.jar.JarFile::getManifestFromReference (197 bytes)

VM state: not at safepoint (normal execution)

VM Mutex/Monitor currently owned by a thread: None

Heap address: 0x00000000fc000000, size: 64 MB, Compressed Oops mode: 32-bit

CDS archive(s) mapped at: [0x0000029c80000000-0x0000029c80bd0000-0x0000029c80bd0000), size 12386304, SharedBaseAddress: 0x0000029c80000000, ArchiveRelocationMode: 1.
Compressed class space mapped at: 0x0000029c81000000-0x0000029cc1000000, reserved size: 1073741824
Narrow klass base: 0x0000029c80000000, Narrow klass shift: 0, Narrow klass range: 0x100000000

GC Precious Log:
 CPUs: 8 total, 8 available
 Memory: 7926M
 Large Page Support: Disabled
 NUMA Support: Disabled
 Compressed Oops: Enabled (32-bit)
 Heap Region Size: 1M
 Heap Min Capacity: 64M
 Heap Initial Capacity: 64M
 Heap Max Capacity: 64M
 Pre-touch: Disabled
 Parallel Workers: 8
 Concurrent Workers: 2
 Concurrent Refinement Workers: 8
 Periodic GC: Disabled

Heap:
 garbage-first heap   total 65536K, used 18592K [0x00000000fc000000, 0x0000000100000000)
  region size 1024K, 14 young (14336K), 3 survivors (3072K)
 Metaspace       used 3827K, committed 3968K, reserved 1114112K
  class space    used 466K, committed 512K, reserved 1048576K

Heap Regions: E=young(eden), S=young(survivor), O=old, HS=humongous(starts), HC=humongous(continues), CS=collection set, F=free, OA=open archive, CA=closed archive, TAMS=top-at-mark-start (previous, next)
|   0|0x00000000fc000000, 0x00000000fc100000, 0x00000000fc100000|100%| O|  |TAMS 0x00000000fc000000, 0x00000000fc000000| Untracked 
|   1|0x00000000fc100000, 0x00000000fc128000, 0x00000000fc200000| 15%| O|  |TAMS 0x00000000fc100000, 0x00000000fc100000| Untracked 
|   2|0x00000000fc200000, 0x00000000fc300000, 0x00000000fc300000|100%|HS|  |TAMS 0x00000000fc200000, 0x00000000fc200000| Complete 
|   3|0x00000000fc300000, 0x00000000fc400000, 0x00000000fc400000|100%|HC|  |TAMS 0x00000000fc300000, 0x00000000fc300000| Complete 
|   4|0x00000000fc400000, 0x00000000fc500000, 0x00000000fc500000|100%|HC|  |TAMS 0x00000000fc400000, 0x00000000fc400000| Complete 
|   5|0x00000000fc500000, 0x00000000fc600000, 0x00000000fc600000|100%|HC|  |TAMS 0x00000000fc500000, 0x00000000fc500000| Complete 
|   6|0x00000000fc600000, 0x00000000fc600000, 0x00000000fc700000|  0%| F|  |TAMS 0x00000000fc600000, 0x00000000fc600000| Untracked 
|   7|0x00000000fc700000, 0x00000000fc700000, 0x00000000fc800000|  0%| F|  |TAMS 0x00000000fc700000, 0x00000000fc700000| Untracked 
|   8|0x00000000fc800000, 0x00000000fc800000, 0x00000000fc900000|  0%| F|  |TAMS 0x00000000fc800000, 0x00000000fc800000| Untracked 
|   9|0x00000000fc900000, 0x00000000fc900000, 0x00000000fca00000|  0%| F|  |TAMS 0x00000000fc900000, 0x00000000fc900000| Untracked 
|  10|0x00000000fca00000, 0x00000000fca00000, 0x00000000fcb00000|  0%| F|  |TAMS 0x00000000fca00000, 0x00000000fca00000| Untracked 
|  11|0x00000000fcb00000, 0x00000000fcb00000, 0x00000000fcc00000|  0%| F|  |TAMS 0x00000000fcb00000, 0x00000000fcb00000| Untracked 
|  12|0x00000000fcc00000, 0x00000000fcc00000, 0x00000000fcd00000|  0%| F|  |TAMS 0x00000000fcc00000, 0x00000000fcc00000| Untracked 
|  13|0x00000000fcd00000, 0x00000000fcd00000, 0x00000000fce00000|  0%| F|  |TAMS 0x00000000fcd00000, 0x00000000fcd00000| Untracked 
|  14|0x00000000fce00000, 0x00000000fce00000, 0x00000000fcf00000|  0%| F|  |TAMS 0x00000000fce00000, 0x00000000fce00000| Untracked 
|  15|0x00000000fcf00000, 0x00000000fcf00000, 0x00000000fd000000|  0%| F|  |TAMS 0x00000000fcf00000, 0x00000000fcf00000| Untracked 
|  16|0x00000000fd000000, 0x00000000fd000000, 0x00000000fd100000|  0%| F|  |TAMS 0x00000000fd000000, 0x00000000fd000000| Untracked 
|  17|0x00000000fd100000, 0x00000000fd100000, 0x00000000fd200000|  0%| F|  |TAMS 0x00000000fd100000, 0x00000000fd100000| Untracked 
|  18|0x00000000fd200000, 0x00000000fd200000, 0x00000000fd300000|  0%| F|  |TAMS 0x00000000fd200000, 0x00000000fd200000| Untracked 
|  19|0x00000000fd300000, 0x00000000fd300000, 0x00000000fd400000|  0%| F|  |TAMS 0x00000000fd300000, 0x00000000fd300000| Untracked 
|  20|0x00000000fd400000, 0x00000000fd400000, 0x00000000fd500000|  0%| F|  |TAMS 0x00000000fd400000, 0x00000000fd400000| Untracked 
|  21|0x00000000fd500000, 0x00000000fd500000, 0x00000000fd600000|  0%| F|  |TAMS 0x00000000fd500000, 0x00000000fd500000| Untracked 
|  22|0x00000000fd600000, 0x00000000fd600000, 0x00000000fd700000|  0%| F|  |TAMS 0x00000000fd600000, 0x00000000fd600000| Untracked 
|  23|0x00000000fd700000, 0x00000000fd700000, 0x00000000fd800000|  0%| F|  |TAMS 0x00000000fd700000, 0x00000000fd700000| Untracked 
|  24|0x00000000fd800000, 0x00000000fd800000, 0x00000000fd900000|  0%| F|  |TAMS 0x00000000fd800000, 0x00000000fd800000| Untracked 
|  25|0x00000000fd900000, 0x00000000fd900000, 0x00000000fda00000|  0%| F|  |TAMS 0x00000000fd900000, 0x00000000fd900000| Untracked 
|  26|0x00000000fda00000, 0x00000000fda00000, 0x00000000fdb00000|  0%| F|  |TAMS 0x00000000fda00000, 0x00000000fda00000| Untracked 
|  27|0x00000000fdb00000, 0x00000000fdb00000, 0x00000000fdc00000|  0%| F|  |TAMS 0x00000000fdb00000, 0x00000000fdb00000| Untracked 
|  28|0x00000000fdc00000, 0x00000000fdc00000, 0x00000000fdd00000|  0%| F|  |TAMS 0x00000000fdc00000, 0x00000000fdc00000| Untracked 
|  29|0x00000000fdd00000, 0x00000000fdd00000, 0x00000000fde00000|  0%| F|  |TAMS 0x00000000fdd00000, 0x00000000fdd00000| Untracked 
|  30|0x00000000fde00000, 0x00000000fde00000, 0x00000000fdf00000|  0%| F|  |TAMS 0x00000000fde00000, 0x00000000fde00000| Untracked 
|  31|0x00000000fdf00000, 0x00000000fdf00000, 0x00000000fe000000|  0%| F|  |TAMS 0x00000000fdf00000, 0x00000000fdf00000| Untracked 
|  32|0x00000000fe000000, 0x00000000fe000000, 0x00000000fe100000|  0%| F|  |TAMS 0x00000000fe000000, 0x00000000fe000000| Untracked 
|  33|0x00000000fe100000, 0x00000000fe100000, 0x00000000fe200000|  0%| F|  |TAMS 0x00000000fe100000, 0x00000000fe100000| Untracked 
|  34|0x00000000fe200000, 0x00000000fe200000, 0x00000000fe300000|  0%| F|  |TAMS 0x00000000fe200000, 0x00000000fe200000| Untracked 
|  35|0x00000000fe300000, 0x00000000fe300000, 0x00000000fe400000|  0%| F|  |TAMS 0x00000000fe300000, 0x00000000fe300000| Untracked 
|  36|0x00000000fe400000, 0x00000000fe400000, 0x00000000fe500000|  0%| F|  |TAMS 0x00000000fe400000, 0x00000000fe400000| Untracked 
|  37|0x00000000fe500000, 0x00000000fe500000, 0x00000000fe600000|  0%| F|  |TAMS 0x00000000fe500000, 0x00000000fe500000| Untracked 
|  38|0x00000000fe600000, 0x00000000fe700000, 0x00000000fe700000|100%| S|CS|TAMS 0x00000000fe600000, 0x00000000fe600000| Complete 
|  39|0x00000000fe700000, 0x00000000fe800000, 0x00000000fe800000|100%| S|CS|TAMS 0x00000000fe700000, 0x00000000fe700000| Complete 
|  40|0x00000000fe800000, 0x00000000fe900000, 0x00000000fe900000|100%| S|CS|TAMS 0x00000000fe800000, 0x00000000fe800000| Complete 
|  41|0x00000000fe900000, 0x00000000fe900000, 0x00000000fea00000|  0%| F|  |TAMS 0x00000000fe900000, 0x00000000fe900000| Untracked 
|  42|0x00000000fea00000, 0x00000000fea00000, 0x00000000feb00000|  0%| F|  |TAMS 0x00000000fea00000, 0x00000000fea00000| Untracked 
|  43|0x00000000feb00000, 0x00000000feb00000, 0x00000000fec00000|  0%| F|  |TAMS 0x00000000feb00000, 0x00000000feb00000| Untracked 
|  44|0x00000000fec00000, 0x00000000fec00000, 0x00000000fed00000|  0%| F|  |TAMS 0x00000000fec00000, 0x00000000fec00000| Untracked 
|  45|0x00000000fed00000, 0x00000000fed00000, 0x00000000fee00000|  0%| F|  |TAMS 0x00000000fed00000, 0x00000000fed00000| Untracked 
|  46|0x00000000fee00000, 0x00000000fee00000, 0x00000000fef00000|  0%| F|  |TAMS 0x00000000fee00000, 0x00000000fee00000| Untracked 
|  47|0x00000000fef00000, 0x00000000fef00000, 0x00000000ff000000|  0%| F|  |TAMS 0x00000000fef00000, 0x00000000fef00000| Untracked 
|  48|0x00000000ff000000, 0x00000000ff000000, 0x00000000ff100000|  0%| F|  |TAMS 0x00000000ff000000, 0x00000000ff000000| Untracked 
|  49|0x00000000ff100000, 0x00000000ff100000, 0x00000000ff200000|  0%| F|  |TAMS 0x00000000ff100000, 0x00000000ff100000| Untracked 
|  50|0x00000000ff200000, 0x00000000ff200000, 0x00000000ff300000|  0%| F|  |TAMS 0x00000000ff200000, 0x00000000ff200000| Untracked 
|  51|0x00000000ff300000, 0x00000000ff300000, 0x00000000ff400000|  0%| F|  |TAMS 0x00000000ff300000, 0x00000000ff300000| Untracked 
|  52|0x00000000ff400000, 0x00000000ff400000, 0x00000000ff500000|  0%| F|  |TAMS 0x00000000ff400000, 0x00000000ff400000| Untracked 
|  53|0x00000000ff500000, 0x00000000ff581db8, 0x00000000ff600000| 50%| E|  |TAMS 0x00000000ff500000, 0x00000000ff500000| Complete 
|  54|0x00000000ff600000, 0x00000000ff700000, 0x00000000ff700000|100%| E|CS|TAMS 0x00000000ff600000, 0x00000000ff600000| Complete 
|  55|0x00000000ff700000, 0x00000000ff800000, 0x00000000ff800000|100%| E|CS|TAMS 0x00000000ff700000, 0x00000000ff700000| Complete 
|  56|0x00000000ff800000, 0x00000000ff900000, 0x00000000ff900000|100%| E|CS|TAMS 0x00000000ff800000, 0x00000000ff800000| Complete 
|  57|0x00000000ff900000, 0x00000000ffa00000, 0x00000000ffa00000|100%| E|CS|TAMS 0x00000000ff900000, 0x00000000ff900000| Complete 
|  58|0x00000000ffa00000, 0x00000000ffb00000, 0x00000000ffb00000|100%| E|CS|TAMS 0x00000000ffa00000, 0x00000000ffa00000| Complete 
|  59|0x00000000ffb00000, 0x00000000ffc00000, 0x00000000ffc00000|100%| E|CS|TAMS 0x00000000ffb00000, 0x00000000ffb00000| Complete 
|  60|0x00000000ffc00000, 0x00000000ffd00000, 0x00000000ffd00000|100%| E|CS|TAMS 0x00000000ffc00000, 0x00000000ffc00000| Complete 
|  61|0x00000000ffd00000, 0x00000000ffe00000, 0x00000000ffe00000|100%| E|CS|TAMS 0x00000000ffd00000, 0x00000000ffd00000| Complete 
|  62|0x00000000ffe00000, 0x00000000fff00000, 0x00000000fff00000|100%| E|CS|TAMS 0x00000000ffe00000, 0x00000000ffe00000| Complete 
|  63|0x00000000fff00000, 0x0000000100000000, 0x0000000100000000|100%| E|CS|TAMS 0x00000000fff00000, 0x00000000fff00000| Complete 

Card table byte_map: [0x0000029cd0390000,0x0000029cd03b0000] _byte_map_base: 0x0000029ccfbb0000

Marking Bits (Prev, Next): (CMBitMap*) 0x0000029cd04893e0, (CMBitMap*) 0x0000029cd0489420
 Prev Bits: [0x0000029ce7060000, 0x0000029ce7160000)
 Next Bits: [0x0000029ce7160000, 0x0000029ce7260000)

Polling page: 0x0000029cce460000

Metaspace:

Usage:
  Non-class:      3.28 MB used.
      Class:    466.34 KB used.
       Both:      3.74 MB used.

Virtual space:
  Non-class space:       64.00 MB reserved,       3.38 MB (  5%) committed,  1 nodes.
      Class space:        1.00 GB reserved,     512.00 KB ( <1%) committed,  1 nodes.
             Both:        1.06 GB reserved,       3.88 MB ( <1%) committed. 

Chunk freelists:
   Non-Class:  10.66 MB
       Class:  15.45 MB
        Both:  26.11 MB

MaxMetaspaceSize: unlimited
CompressedClassSpaceSize: 1.00 GB
Initial GC threshold: 21.00 MB
Current GC threshold: 21.00 MB
CDS: on
MetaspaceReclaimPolicy: balanced
 - commit_granule_bytes: 65536.
 - commit_granule_words: 8192.
 - virtual_space_node_default_size: 8388608.
 - enlarge_chunks_in_place: 1.
 - new_chunks_are_fully_committed: 0.
 - uncommit_free_chunks: 1.
 - use_allocation_guard: 0.
 - handle_deallocations: 1.


Internal statistics:

num_allocs_failed_limit: 0.
num_arena_births: 18.
num_arena_deaths: 0.
num_vsnodes_births: 2.
num_vsnodes_deaths: 0.
num_space_committed: 62.
num_space_uncommitted: 0.
num_chunks_returned_to_freelist: 0.
num_chunks_taken_from_freelist: 103.
num_chunk_merges: 0.
num_chunk_splits: 67.
num_chunks_enlarged: 60.
num_inconsistent_stats: 0.

CodeHeap 'non-profiled nmethods': size=120000Kb used=417Kb max_used=417Kb free=119582Kb
 bounds [0x0000029cdf7f0000, 0x0000029cdfa60000, 0x0000029ce6d20000]
CodeHeap 'profiled nmethods': size=120000Kb used=1773Kb max_used=1773Kb free=118226Kb
 bounds [0x0000029cd7d20000, 0x0000029cd7f90000, 0x0000029cdf250000]
CodeHeap 'non-nmethods': size=5760Kb used=1141Kb max_used=1155Kb free=4618Kb
 bounds [0x0000029cdf250000, 0x0000029cdf4c0000, 0x0000029cdf7f0000]
 total_blobs=1323 nmethods=907 adapters=329
 compilation: enabled
              stopped_count=0, restarted_count=0
 full_count=0

Compilation events (20 events):
Event: 2.594 Thread 0x0000029cd052d770 nmethod 894 0x0000029cd7ed5b10 code [0x0000029cd7ed5cc0, 0x0000029cd7ed5f48]
Event: 2.596 Thread 0x0000029cd052d770  895       1       org.gradle.internal.buildoption.AbstractBuildOption::getProperty (5 bytes)
Event: 2.596 Thread 0x0000029cd052d770 nmethod 895 0x0000029cdf857690 code [0x0000029cdf857820, 0x0000029cdf8578f8]
Event: 2.596 Thread 0x0000029cd052d770  897       3       org.gradle.launcher.cli.converter.LayoutToPropertiesConverter$$Lambda$32/0x0000029c81085048::isSatisfiedBy (12 bytes)
Event: 2.596 Thread 0x0000029cd052d770 nmethod 897 0x0000029cd7ed6110 code [0x0000029cd7ed62e0, 0x0000029cd7ed6838]
Event: 2.596 Thread 0x0000029cd052d770  896       1       org.gradle.internal.buildoption.AbstractBuildOption::getDeprecatedProperty (5 bytes)
Event: 2.596 Thread 0x0000029cd052d770 nmethod 896 0x0000029cdf857990 code [0x0000029cdf857b20, 0x0000029cdf857bf8]
Event: 2.596 Thread 0x0000029cd052d770  898       1       java.util.concurrent.ConcurrentHashMap$MapEntry::getKey (5 bytes)
Event: 2.596 Thread 0x0000029cd052d770 nmethod 898 0x0000029cdf857c90 code [0x0000029cdf857e20, 0x0000029cdf857ef8]
Event: 2.601 Thread 0x0000029cd052d770  899       3       java.lang.CharacterDataLatin1::isWhitespace (23 bytes)
Event: 2.602 Thread 0x0000029cd052d770 nmethod 899 0x0000029cd7ed6a10 code [0x0000029cd7ed6bc0, 0x0000029cd7ed6dd8]
Event: 2.659 Thread 0x0000029cd052d770  900       1       jdk.internal.jimage.ImageHeader::getTableLength (5 bytes)
Event: 2.659 Thread 0x0000029cd052c8b0  901       4       java.nio.DirectByteBuffer::ix (10 bytes)
Event: 2.659 Thread 0x0000029cd052d770 nmethod 900 0x0000029cdf857f90 code [0x0000029cdf858120, 0x0000029cdf8581f8]
Event: 2.659 Thread 0x0000029cd052d770  902   !   3       java.nio.DirectIntBufferU::get (34 bytes)
Event: 2.660 Thread 0x0000029cd052c8b0 nmethod 901 0x0000029cdf858290 code [0x0000029cdf858400, 0x0000029cdf858478]
Event: 2.662 Thread 0x0000029cd052d770 nmethod 902 0x0000029cd7ed6f10 code [0x0000029cd7ed7140, 0x0000029cd7ed7998]
Event: 2.662 Thread 0x0000029cd052d770  903       3       java.nio.DirectIntBufferU::ix (10 bytes)
Event: 2.662 Thread 0x0000029cd052d770 nmethod 903 0x0000029cd7ed7e10 code [0x0000029cd7ed7fa0, 0x0000029cd7ed80b8]
Event: 2.667 Thread 0x0000029cd052c8b0  904   !   4       jdk.internal.loader.URLClassPath$JarLoader::getResource (354 bytes)

GC Heap History (2 events):
Event: 1.826 GC heap before
{Heap before GC invocations=0 (full 0):
 garbage-first heap   total 65536K, used 22528K [0x00000000fc000000, 0x0000000100000000)
  region size 1024K, 23 young (23552K), 0 survivors (0K)
 Metaspace       used 1837K, committed 1984K, reserved 1114112K
  class space    used 159K, committed 192K, reserved 1048576K
}
Event: 1.834 GC heap after
{Heap after GC invocations=1 (full 0):
 garbage-first heap   total 65536K, used 4256K [0x00000000fc000000, 0x0000000100000000)
  region size 1024K, 3 young (3072K), 3 survivors (3072K)
 Metaspace       used 1837K, committed 1984K, reserved 1114112K
  class space    used 159K, committed 192K, reserved 1048576K
}

Deoptimization events (20 events):
Event: 2.531 Thread 0x0000029cd04684c0 Uncommon trap: trap_request=0xffffffde fr.pc=0x0000029cdf80e02c relative=0x000000000000030c
Event: 2.531 Thread 0x0000029cd04684c0 Uncommon trap: reason=class_check action=maybe_recompile pc=0x0000029cdf80e02c method=java.util.regex.Matcher.match(II)Z @ 121 c2
Event: 2.531 Thread 0x0000029cd04684c0 DEOPT PACKING pc=0x0000029cdf80e02c sp=0x000000e6cb1fda20
Event: 2.531 Thread 0x0000029cd04684c0 DEOPT UNPACKING pc=0x0000029cdf2a5ba3 sp=0x000000e6cb1fd9b8 mode 2
Event: 2.531 Thread 0x0000029cd04684c0 Uncommon trap: trap_request=0xffffffde fr.pc=0x0000029cdf80e02c relative=0x000000000000030c
Event: 2.531 Thread 0x0000029cd04684c0 Uncommon trap: reason=class_check action=maybe_recompile pc=0x0000029cdf80e02c method=java.util.regex.Matcher.match(II)Z @ 121 c2
Event: 2.531 Thread 0x0000029cd04684c0 DEOPT PACKING pc=0x0000029cdf80e02c sp=0x000000e6cb1fda20
Event: 2.531 Thread 0x0000029cd04684c0 DEOPT UNPACKING pc=0x0000029cdf2a5ba3 sp=0x000000e6cb1fd9b8 mode 2
Event: 2.532 Thread 0x0000029cd04684c0 Uncommon trap: trap_request=0xffffffde fr.pc=0x0000029cdf80e02c relative=0x000000000000030c
Event: 2.532 Thread 0x0000029cd04684c0 Uncommon trap: reason=class_check action=maybe_recompile pc=0x0000029cdf80e02c method=java.util.regex.Matcher.match(II)Z @ 121 c2
Event: 2.532 Thread 0x0000029cd04684c0 DEOPT PACKING pc=0x0000029cdf80e02c sp=0x000000e6cb1fd8a0
Event: 2.532 Thread 0x0000029cd04684c0 DEOPT UNPACKING pc=0x0000029cdf2a5ba3 sp=0x000000e6cb1fd838 mode 2
Event: 2.532 Thread 0x0000029cd04684c0 Uncommon trap: trap_request=0xffffffde fr.pc=0x0000029cdf80e02c relative=0x000000000000030c
Event: 2.532 Thread 0x0000029cd04684c0 Uncommon trap: reason=class_check action=maybe_recompile pc=0x0000029cdf80e02c method=java.util.regex.Matcher.match(II)Z @ 121 c2
Event: 2.532 Thread 0x0000029cd04684c0 DEOPT PACKING pc=0x0000029cdf80e02c sp=0x000000e6cb1fd8a0
Event: 2.532 Thread 0x0000029cd04684c0 DEOPT UNPACKING pc=0x0000029cdf2a5ba3 sp=0x000000e6cb1fd838 mode 2
Event: 2.589 Thread 0x0000029cd04684c0 Uncommon trap: trap_request=0xffffff45 fr.pc=0x0000029cdf81651c relative=0x000000000000061c
Event: 2.589 Thread 0x0000029cd04684c0 Uncommon trap: reason=unstable_if action=reinterpret pc=0x0000029cdf81651c method=java.util.Properties$LineReader.readLine()I @ 379 c2
Event: 2.589 Thread 0x0000029cd04684c0 DEOPT PACKING pc=0x0000029cdf81651c sp=0x000000e6cb1fd860
Event: 2.590 Thread 0x0000029cd04684c0 DEOPT UNPACKING pc=0x0000029cdf2a5ba3 sp=0x000000e6cb1fd7f8 mode 2

Classes unloaded (0 events):
No events

Classes redefined (0 events):
No events

Internal exceptions (2 events):
Event: 0.430 Thread 0x0000029cd04684c0 Exception <a 'java/lang/NoSuchMethodError'{0x00000000ffdea9f0}: 'int java.lang.invoke.DirectMethodHandle$Holder.invokeStaticInit(java.lang.Object, java.lang.Object)'> (0x00000000ffdea9f0) 
thrown [s\open\src\hotspot\share\interpreter\linkResolver.cpp, line 759]
Event: 2.566 Thread 0x0000029cd04684c0 Exception <a 'java/lang/NoSuchMethodError'{0x00000000ff6a4668}: 'void java.lang.invoke.DirectMethodHandle$Holder.invokeStatic(java.lang.Object, java.lang.Object)'> (0x00000000ff6a4668) 
thrown [s\open\src\hotspot\share\interpreter\linkResolver.cpp, line 759]

VM Operations (8 events):
Event: 0.270 Executing VM operation: HandshakeAllThreads
Event: 0.270 Executing VM operation: HandshakeAllThreads done
Event: 1.275 Executing VM operation: Cleanup
Event: 1.277 Executing VM operation: Cleanup done
Event: 1.826 Executing VM operation: G1CollectForAllocation
Event: 1.834 Executing VM operation: G1CollectForAllocation done
Event: 2.296 Executing VM operation: HandshakeAllThreads
Event: 2.296 Executing VM operation: HandshakeAllThreads done

Events (20 events):
Event: 2.633 loading class java/util/concurrent/LinkedBlockingQueue
Event: 2.641 loading class java/util/concurrent/BlockingQueue
Event: 2.641 loading class java/util/concurrent/BlockingQueue done
Event: 2.641 loading class java/util/concurrent/LinkedBlockingQueue done
Event: 2.642 loading class java/util/concurrent/locks/AbstractQueuedSynchronizer$ConditionObject
Event: 2.643 loading class java/util/concurrent/locks/Condition
Event: 2.643 loading class java/util/concurrent/locks/Condition done
Event: 2.643 loading class java/util/concurrent/locks/AbstractQueuedSynchronizer$ConditionObject done
Event: 2.643 loading class java/util/concurrent/LinkedBlockingQueue$Node
Event: 2.657 loading class java/util/concurrent/LinkedBlockingQueue$Node done
Event: 2.658 loading class java/lang/SecurityException
Event: 2.658 loading class java/lang/SecurityException done
Event: 2.659 loading class java/net/URLClassLoader$3
Event: 2.661 loading class java/net/URLClassLoader$3 done
Event: 2.661 loading class java/net/URLClassLoader$3$1
Event: 2.661 loading class java/net/URLClassLoader$3$1 done
Event: 2.675 loading class java/util/MissingResourceException
Event: 2.675 loading class java/util/MissingResourceException done
Event: 2.676 loading class java/util/logging/ErrorManager
Event: 2.676 loading class java/util/logging/ErrorManager done


Dynamic libraries:
0x00007ff7a9130000 - 0x00007ff7a9140000 	C:\Program Files\Java\jdk-17\bin\java.exe
0x00007ffd74150000 - 0x00007ffd74367000 	C:\WINDOWS\SYSTEM32\ntdll.dll
0x00007ffd72d30000 - 0x00007ffd72df4000 	C:\WINDOWS\System32\KERNEL32.DLL
0x00007ffd718d0000 - 0x00007ffd71c8a000 	C:\WINDOWS\System32\KERNELBASE.dll
0x00007ffd71610000 - 0x00007ffd71721000 	C:\WINDOWS\System32\ucrtbase.dll
0x00007ffcdd450000 - 0x00007ffcdd469000 	C:\Program Files\Java\jdk-17\bin\jli.dll
0x00007ffd732e0000 - 0x00007ffd73392000 	C:\WINDOWS\System32\ADVAPI32.dll
0x00007ffd726f0000 - 0x00007ffd72797000 	C:\WINDOWS\System32\msvcrt.dll
0x00007ffd73e90000 - 0x00007ffd73f37000 	C:\WINDOWS\System32\sechost.dll
0x00007ffd71e30000 - 0x00007ffd71e58000 	C:\WINDOWS\System32\bcrypt.dll
0x00007ffd72950000 - 0x00007ffd72a64000 	C:\WINDOWS\System32\RPCRT4.dll
0x00007ffd727a0000 - 0x00007ffd7294e000 	C:\WINDOWS\System32\USER32.dll
0x00007ffd71c90000 - 0x00007ffd71cb6000 	C:\WINDOWS\System32\win32u.dll
0x00007ffd72ba0000 - 0x00007ffd72bc9000 	C:\WINDOWS\System32\GDI32.dll
0x00007ffd717b0000 - 0x00007ffd718cb000 	C:\WINDOWS\System32\gdi32full.dll
0x00007ffd71570000 - 0x00007ffd7160a000 	C:\WINDOWS\System32\msvcp_win.dll
0x00007ffd57300000 - 0x00007ffd5731b000 	C:\Program Files\Java\jdk-17\bin\VCRUNTIME140.dll
0x00007ffd57d30000 - 0x00007ffd57fc2000 	C:\WINDOWS\WinSxS\amd64_microsoft.windows.common-controls_6595b64144ccf1df_6.0.22621.4541_none_2710d1c57384c085\COMCTL32.dll
0x00007ffd620c0000 - 0x00007ffd620ca000 	C:\WINDOWS\SYSTEM32\VERSION.dll
0x00007ffd72bd0000 - 0x00007ffd72c01000 	C:\WINDOWS\System32\IMM32.DLL
0x00007ffd572f0000 - 0x00007ffd572fc000 	C:\Program Files\Java\jdk-17\bin\vcruntime140_1.dll
0x00007ffcd9c90000 - 0x00007ffcd9d1e000 	C:\Program Files\Java\jdk-17\bin\msvcp140.dll
0x00007ffcd3710000 - 0x00007ffcd42f0000 	C:\Program Files\Java\jdk-17\bin\server\jvm.dll
0x00007ffd72c10000 - 0x00007ffd72c18000 	C:\WINDOWS\System32\PSAPI.DLL
0x00007ffceac30000 - 0x00007ffceac39000 	C:\WINDOWS\SYSTEM32\WSOCK32.dll
0x00007ffd72ac0000 - 0x00007ffd72b31000 	C:\WINDOWS\System32\WS2_32.dll
0x00007ffd68740000 - 0x00007ffd68774000 	C:\WINDOWS\SYSTEM32\WINMM.dll
0x00007ffd70560000 - 0x00007ffd70578000 	C:\WINDOWS\SYSTEM32\kernel.appcore.dll
0x00007ffcdf670000 - 0x00007ffcdf67a000 	C:\Program Files\Java\jdk-17\bin\jimage.dll
0x00007ffd6ec30000 - 0x00007ffd6ee62000 	C:\WINDOWS\SYSTEM32\DBGHELP.DLL
0x00007ffd722d0000 - 0x00007ffd7265f000 	C:\WINDOWS\System32\combase.dll
0x00007ffd733a0000 - 0x00007ffd73477000 	C:\WINDOWS\System32\OLEAUT32.dll
0x00007ffd651d0000 - 0x00007ffd65202000 	C:\WINDOWS\SYSTEM32\dbgcore.DLL
0x00007ffd71730000 - 0x00007ffd717ab000 	C:\WINDOWS\System32\bcryptPrimitives.dll
0x00007ffcdca20000 - 0x00007ffcdca45000 	C:\Program Files\Java\jdk-17\bin\java.dll
0x00007ffcd3630000 - 0x00007ffcd3707000 	C:\Program Files\Java\jdk-17\bin\jsvml.dll
0x00007ffd73480000 - 0x00007ffd73cf8000 	C:\WINDOWS\System32\SHELL32.dll
0x00007ffd6f330000 - 0x00007ffd6fc38000 	C:\WINDOWS\SYSTEM32\windows.storage.dll
0x00007ffd6f1f0000 - 0x00007ffd6f32f000 	C:\WINDOWS\SYSTEM32\wintypes.dll
0x00007ffd72030000 - 0x00007ffd7212a000 	C:\WINDOWS\System32\SHCORE.dll
0x00007ffd721e0000 - 0x00007ffd7223e000 	C:\WINDOWS\System32\shlwapi.dll
0x00007ffd71360000 - 0x00007ffd7138b000 	C:\WINDOWS\SYSTEM32\profapi.dll
0x00007ffcd9c70000 - 0x00007ffcd9c89000 	C:\Program Files\Java\jdk-17\bin\net.dll
0x00007ffd6b3e0000 - 0x00007ffd6b516000 	C:\WINDOWS\SYSTEM32\WINHTTP.dll
0x00007ffd709e0000 - 0x00007ffd70a49000 	C:\WINDOWS\system32\mswsock.dll
0x00007ffcd9c50000 - 0x00007ffcd9c66000 	C:\Program Files\Java\jdk-17\bin\nio.dll
0x00007ffcd9be0000 - 0x00007ffcd9bf8000 	C:\Program Files\Java\jdk-17\bin\zip.dll
0x00007ffcd9c10000 - 0x00007ffcd9c20000 	C:\Program Files\Java\jdk-17\bin\verify.dll

dbghelp: loaded successfully - version: 4.0.5 - missing functions: none
symbol engine: initialized successfully - sym options: 0x614 - pdb path: .;C:\Program Files\Java\jdk-17\bin;C:\WINDOWS\SYSTEM32;C:\WINDOWS\WinSxS\amd64_microsoft.windows.common-controls_6595b64144ccf1df_6.0.22621.4541_none_2710d1c57384c085;C:\Program Files\Java\jdk-17\bin\server

VM Arguments:
jvm_args: -Xmx64m -Xms64m -Dorg.gradle.appname=gradlew 
java_command: org.gradle.wrapper.GradleWrapperMain app:installDebug -PreactNativeDevServerPort=8081
java_class_path (initial): C:\Users\DELL\mobile-App-v4\android\\gradle\wrapper\gradle-wrapper.jar
Launcher Type: SUN_STANDARD

[Global flags]
     intx CICompilerCount                          = 4                                         {product} {ergonomic}
     uint ConcGCThreads                            = 2                                         {product} {ergonomic}
     uint G1ConcRefinementThreads                  = 8                                         {product} {ergonomic}
   size_t G1HeapRegionSize                         = 1048576                                   {product} {ergonomic}
    uintx GCDrainStackTargetSize                   = 64                                        {product} {ergonomic}
   size_t InitialHeapSize                          = 67108864                                  {product} {command line}
   size_t MarkStackSize                            = 4194304                                   {product} {ergonomic}
   size_t MaxHeapSize                              = 67108864                                  {product} {command line}
   size_t MaxNewSize                               = 39845888                                  {product} {ergonomic}
   size_t MinHeapDeltaBytes                        = 1048576                                   {product} {ergonomic}
   size_t MinHeapSize                              = 67108864                                  {product} {command line}
    uintx NonNMethodCodeHeapSize                   = 5839372                                {pd product} {ergonomic}
    uintx NonProfiledCodeHeapSize                  = 122909434                              {pd product} {ergonomic}
    uintx ProfiledCodeHeapSize                     = 122909434                              {pd product} {ergonomic}
    uintx ReservedCodeCacheSize                    = 251658240                              {pd product} {ergonomic}
     bool SegmentedCodeCache                       = true                                      {product} {ergonomic}
   size_t SoftMaxHeapSize                          = 67108864                               {manageable} {ergonomic}
     bool UseCompressedClassPointers               = true                           {product lp64_product} {ergonomic}
     bool UseCompressedOops                        = true                           {product lp64_product} {ergonomic}
     bool UseG1GC                                  = true                                      {product} {ergonomic}
     bool UseLargePagesIndividualAllocation        = false                                  {pd product} {ergonomic}

Logging:
Log output configuration:
 #0: stdout all=warning uptime,level,tags
 #1: stderr all=off uptime,level,tags

Environment Variables:
JAVA_HOME=C:\Program Files\Java\jdk-17
CLASSPATH=C:\Users\DELL\mobile-App-v4\android\\gradle\wrapper\gradle-wrapper.jar
PATH=C:\Users\DELL\mobile-App-v4\node_modules\.bin;C:\Users\DELL\mobile-App-v4\node_modules\.bin;C:\Users\DELL\node_modules\.bin;C:\Users\node_modules\.bin;C:\node_modules\.bin;C:\Users\DELL\AppData\Roaming\npm\node_modules\npm\node_modules\@npmcli\run-script\lib\node-gyp-bin;C:\Program Files\FireDaemon OpenSSL 3\bin\;C:\Program Files\Microsoft\jdk-17.0.11.9-hotspot\bin;C:\Program Files\Microsoft\jdk-11.0.23.9-hotspot\bin;C:\Program Files\OpenLogic\jdk-11.0.23.9-hotspot\bin;C:\Program Files\Common Files\Oracle\Java\javapath;C:\Python312\Scripts\;C:\Python312\;C:\Program Files\Python311\Scripts\;C:\Program Files\Python311\;C:\Windows\system32;C:\Windows;C:\Windows\System32\Wbem;C:\Windows\System32\WindowsPowerShell\v1.0\;C:\Windows\System32\OpenSSH\;C:\Program Files\NVIDIA Corporation\NVIDIA NvDLISR;C:\Program Files\dotnet\;C:\Program Files (x86)\NVIDIA Corporation\PhysX\Common;C:\WINDOWS\system32;C:\WINDOWS;C:\WINDOWS\System32\Wbem;C:\WINDOWS\System32\WindowsPowerShell\v1.0\;C:\WINDOWS\System32\OpenSSH\;C:\MinGW\bin;C:\ProgramData\chocolatey\bin;C:\Program Files\Git\cmd;C:\xampp\php;C:\ProgramData\ComposerSetup\bin;C:\Users\DELL\anaconda3;C:\Users\DELL\anaconda3\Scripts;C:\Users\DELL\AppData\Roaming\nvm;C:\Users\DELL\AppData\Local\Android\Sdk;C:\Users\DELL\AppData\Local\Android\Sdk\platform-tools;C:\Program Files\Docker\Docker\resources\bin;D:\Download Folder\sratoolkit.current-win64\sratoolkit.3.1.1-win64\bin;D:\Download Folder\v0.12.1 source code\s-andrews-FastQC-e7ef390;D:\Download Folder\fastqc_v0.12.1\FastQC;C:\Users\DELL\FastQC;C:\Users\DELL\AppData\Local\Android\Sdk\cmake\3.22.1\bin;C:\Users\DELL\AppData\Local\Android\Sdk\ndk\26.1.10909125;C:\Program Files\MongoDB\Server\8.0\bin;C:\Users\DELL\AppData\Local\Programs\mongosh;C:\Program Files\nodejs\;C:\Users\DELL\AppData\Local\Microsoft\WindowsApps;C:\Users\DELL\AppData\Local\Programs\Microsoft VS Code\bin;C:\Users\DELL\AppData\Roaming\Composer\vendor\bin;C:\Users\DELL\AppData\Local\Programs\MiKTeX\miktex\bin\x64\
USERNAME=DELL
OS=Windows_NT
PROCESSOR_IDENTIFIER=Intel64 Family 6 Model 140 Stepping 1, GenuineIntel



---------------  S Y S T E M  ---------------

OS:
 Windows 11 , 64 bit Build 22621 (10.0.22621.4391)
OS uptime: 0 days 1:10 hours
Hyper-V role detected

CPU: total 8 (initial active 8) (4 cores per cpu, 2 threads per core) family 6 model 140 stepping 1 microcode 0xb8, cx8, cmov, fxsr, ht, mmx, 3dnowpref, sse, sse2, sse3, ssse3, sse4.1, sse4.2, popcnt, lzcnt, tsc, tscinvbit, avx, avx2, aes, erms, clmul, bmi1, bmi2, adx, avx512f, avx512dq, avx512cd, avx512bw, avx512vl, sha, fma, vzeroupper, avx512_vpopcntdq, avx512_vpclmulqdq, avx512_vaes, avx512_vnni, clflush, clflushopt, clwb, avx512_vbmi2, avx512_vbmi, hv

Memory: 4k page, system-wide physical 7926M (252M free)
TotalPageFile size 18703M (AvailPageFile size 5M)
current process WorkingSet (physical memory assigned to process): 81M, peak: 81M
current process commit charge ("private bytes"): 158M, peak: 159M

vm_info: Java HotSpot(TM) 64-Bit Server VM (17.0.11+7-LTS-207) for windows-amd64 JRE (17.0.11+7-LTS-207), built on Mar 11 2024 19:01:50 by "mach5one" with MS VC++ 17.6 (VS2022)

END.
